Archive member included because of file (symbol)

/home/gniibe/gcc-arm-none-eabi-4_6-2012q3/bin/../lib/gcc/arm-none-eabi/4.6.2/../../../../arm-none-eabi/lib/armv7-m/libc.a(lib_a-memcmp.o)
                              build/obj/rsa.o (memcmp)
/home/gniibe/gcc-arm-none-eabi-4_6-2012q3/bin/../lib/gcc/arm-none-eabi/4.6.2/../../../../arm-none-eabi/lib/armv7-m/libc.a(lib_a-memcpy.o)
                              build/obj/bignum.o (memcpy)
/home/gniibe/gcc-arm-none-eabi-4_6-2012q3/bin/../lib/gcc/arm-none-eabi/4.6.2/../../../../arm-none-eabi/lib/armv7-m/libc.a(lib_a-memmove.o)
                              build/obj/openpgp.o (memmove)
/home/gniibe/gcc-arm-none-eabi-4_6-2012q3/bin/../lib/gcc/arm-none-eabi/4.6.2/../../../../arm-none-eabi/lib/armv7-m/libc.a(lib_a-memset.o)
                              build/obj/syscalls.o (memset)
/home/gniibe/gcc-arm-none-eabi-4_6-2012q3/bin/../lib/gcc/arm-none-eabi/4.6.2/../../../../arm-none-eabi/lib/armv7-m/libc.a(lib_a-strncmp.o)
                              build/obj/ac.o (strncmp)

Discarded input sections

 .text          0x00000000        0x0 build/obj/crt0.o
 .data          0x00000000        0x0 build/obj/crt0.o
 .bss           0x00000000        0x0 build/obj/crt0.o
 .text.__early_init
                0x00000000        0x2 build/obj/crt0.o
 .text          0x00000000        0x0 build/obj/vectors.o
 .data          0x00000000        0x0 build/obj/vectors.o
 .bss           0x00000000        0x0 build/obj/vectors.o
 .text          0x00000000        0x0 build/obj/chcore.o
 .data          0x00000000        0x0 build/obj/chcore.o
 .bss           0x00000000        0x0 build/obj/chcore.o
 .text          0x00000000        0x0 build/obj/chcore_v7m.o
 .data          0x00000000        0x0 build/obj/chcore_v7m.o
 .bss           0x00000000        0x0 build/obj/chcore_v7m.o
 .text          0x00000000        0x0 build/obj/nvic.o
 .data          0x00000000        0x0 build/obj/nvic.o
 .bss           0x00000000        0x0 build/obj/nvic.o
 .text          0x00000000        0x0 build/obj/chsys.o
 .data          0x00000000        0x0 build/obj/chsys.o
 .bss           0x00000000        0x0 build/obj/chsys.o
 .text          0x00000000        0x0 build/obj/chdebug.o
 .data          0x00000000        0x0 build/obj/chdebug.o
 .bss           0x00000000        0x0 build/obj/chdebug.o
 .text          0x00000000        0x0 build/obj/chlists.o
 .data          0x00000000        0x0 build/obj/chlists.o
 .bss           0x00000000        0x0 build/obj/chlists.o
 .text          0x00000000        0x0 build/obj/chvt.o
 .data          0x00000000        0x0 build/obj/chvt.o
 .bss           0x00000000        0x0 build/obj/chvt.o
 .text.chTimeIsWithin
                0x00000000       0x28 build/obj/chvt.o
 .text          0x00000000        0x0 build/obj/chschd.o
 .data          0x00000000        0x0 build/obj/chschd.o
 .bss           0x00000000        0x0 build/obj/chschd.o
 .text          0x00000000        0x0 build/obj/chthreads.o
 .data          0x00000000        0x0 build/obj/chthreads.o
 .bss           0x00000000        0x0 build/obj/chthreads.o
 .text.chThdSetPriority
                0x00000000       0x30 build/obj/chthreads.o
 .text.chThdResume
                0x00000000       0x1a build/obj/chthreads.o
 .text.chThdSleepUntil
                0x00000000       0x24 build/obj/chthreads.o
 .text.chThdYield
                0x00000000       0x28 build/obj/chthreads.o
 .text          0x00000000        0x0 build/obj/chdynamic.o
 .data          0x00000000        0x0 build/obj/chdynamic.o
 .bss           0x00000000        0x0 build/obj/chdynamic.o
 .text.chThdAddRef
                0x00000000       0x18 build/obj/chdynamic.o
 .text.chThdCreateFromHeap
                0x00000000       0x3e build/obj/chdynamic.o
 .text          0x00000000        0x0 build/obj/chregistry.o
 .data          0x00000000        0x0 build/obj/chregistry.o
 .bss           0x00000000        0x0 build/obj/chregistry.o
 .text.chRegFirstThread
                0x00000000       0x20 build/obj/chregistry.o
 .text.chRegNextThread
                0x00000000       0x30 build/obj/chregistry.o
 .text          0x00000000        0x0 build/obj/chsem.o
 .data          0x00000000        0x0 build/obj/chsem.o
 .bss           0x00000000        0x0 build/obj/chsem.o
 .text.chSemInit
                0x00000000        0x8 build/obj/chsem.o
 .text.chSemResetI
                0x00000000       0x24 build/obj/chsem.o
 .text.chSemReset
                0x00000000       0x18 build/obj/chsem.o
 .text.chSemWaitS
                0x00000000       0x30 build/obj/chsem.o
 .text.chSemWait
                0x00000000       0x14 build/obj/chsem.o
 .text.chSemWaitTimeoutS
                0x00000000       0x34 build/obj/chsem.o
 .text.chSemWaitTimeout
                0x00000000       0x14 build/obj/chsem.o
 .text.chSemSignal
                0x00000000       0x2a build/obj/chsem.o
 .text.chSemSignalI
                0x00000000       0x1e build/obj/chsem.o
 .text.chSemAddCounterI
[...]
Memory Configuration

Name             Origin             Length             Attributes
flash0           0x08000000         0x00001000
flash            0x08001000         0xfffff040
ram              0x20000000         0x00005000
*default*        0x00000000         0xffffffff

Linker script and memory map

LOAD build/obj/crt0.o
LOAD build/obj/vectors.o
LOAD build/obj/chcore.o
LOAD build/obj/chcore_v7m.o
LOAD build/obj/nvic.o
LOAD build/obj/chsys.o
LOAD build/obj/chdebug.o
LOAD build/obj/chlists.o
LOAD build/obj/chvt.o
LOAD build/obj/chschd.o
LOAD build/obj/chthreads.o
LOAD build/obj/chdynamic.o
LOAD build/obj/chregistry.o
LOAD build/obj/chsem.o
LOAD build/obj/chmtx.o
LOAD build/obj/chcond.o
LOAD build/obj/chevents.o
LOAD build/obj/chmsg.o
LOAD build/obj/chmboxes.o
LOAD build/obj/chqueues.o
LOAD build/obj/chmemcore.o
LOAD build/obj/chheap.o
LOAD build/obj/chmempools.o
LOAD build/obj/hal.o
LOAD build/obj/adc.o
LOAD build/obj/can.o
LOAD build/obj/ext.o
LOAD build/obj/gpt.o
LOAD build/obj/i2c.o
LOAD build/obj/icu.o
LOAD build/obj/mac.o
LOAD build/obj/pal.o
LOAD build/obj/pwm.o
LOAD build/obj/sdc.o
LOAD build/obj/serial.o
LOAD build/obj/spi.o
LOAD build/obj/uart.o
LOAD build/obj/usb.o
LOAD build/obj/tm.o
LOAD build/obj/mmc_spi.o
LOAD build/obj/serial_usb.o
LOAD build/obj/rtc.o
LOAD build/obj/stm32_dma.o
LOAD build/obj/hal_lld.o
LOAD build/obj/adc_lld.o
LOAD build/obj/can_lld.o
LOAD build/obj/ext_lld.o
LOAD build/obj/gpt_lld.o
LOAD build/obj/i2c_lld.o
LOAD build/obj/icu_lld.o
LOAD build/obj/mac_lld.o
LOAD build/obj/pwm_lld.o
LOAD build/obj/serial_lld.o
LOAD build/obj/sdc_lld.o
LOAD build/obj/spi_lld.o
LOAD build/obj/uart_lld.o
LOAD build/obj/pal_lld.o
LOAD build/obj/usb_lld.o
LOAD build/obj/rtc_lld.o
LOAD build/obj/board-common.o
LOAD build/obj/board.o
LOAD build/obj/evtimer.o
LOAD build/obj/syscalls.o
LOAD build/obj/bignum.o
LOAD build/obj/rsa.o
LOAD build/obj/aes.o
LOAD build/obj/sha256.o
LOAD build/obj/call-rsa.o
LOAD build/obj/main.o
LOAD build/obj/usb_stm32f103.o
LOAD build/obj/adc_stm32f103.o
LOAD build/obj/usb_desc.o
LOAD build/obj/usb_ctrl.o
LOAD build/obj/usb-icc.o
LOAD build/obj/openpgp.o
LOAD build/obj/ac.o
LOAD build/obj/openpgp-do.o
LOAD build/obj/flash.o
LOAD build/obj/bn.o
LOAD build/obj/modp256.o
LOAD build/obj/jpc.o
LOAD build/obj/mod.o
LOAD build/obj/ec_p256.o
LOAD build/obj/random.o
LOAD build/obj/neug.o
LOAD build/obj/sys.o
START GROUP
LOAD /home/gniibe/gcc-arm-none-eabi-4_6-2012q3/bin/../lib/gcc/arm-none-eabi/4.6.2/armv7-m/libgcc.a
LOAD /home/gniibe/gcc-arm-none-eabi-4_6-2012q3/bin/../lib/gcc/arm-none-eabi/4.6.2/../../../../arm-none-eabi/lib/armv7-m/libc.a
END GROUP
                0x00000400                __main_stack_size__ = 0x400
                0x00000200                __process_stack_size__ = 0x200
                0x08001000                __flash_start__ = 0x8001000
                0x08000040                __flash_end__ = (ORIGIN (flash) + 0xfffff040)
                0x20000000                __ram_start__ = ORIGIN (ram)
                0x00005000                __ram_size__ = 0x5000
                0x20005000                __ram_end__ = (__ram_start__ + __ram_size__)
                0x00000000                . = 0x0

.sys            0x08000000     0x1000
                0x08000000                _sys = .
 *(.vectors)
 .vectors       0x08000000       0x34 build/obj/sys.o
                0x08000000                vector
                0x08000040                . = ALIGN (0x10)
 *fill*         0x08000034        0xc 00
 *(.sys.version)
 .sys.version   0x08000040        0x8 build/obj/sys.o
                0x08000040                sys_version
 */sys.o(.text)
 */sys.o(.text.*)
 *fill*         0x08000048        0x8 00
 .text.set_led  0x08000050       0x14 build/obj/sys.o
 *fill*         0x08000064        0xc 00
 .text.flash_unlock
                0x08000070       0x18 build/obj/sys.o
 *fill*         0x08000088        0x8 00
 .text.flash_wait_for_last_operation
                0x08000090       0x18 build/obj/sys.o
 *fill*         0x080000a8        0x8 00
 .text.flash_program_halfword
                0x080000b0       0x3c build/obj/sys.o
 *fill*         0x080000ec        0x4 00
 .text.flash_erase_page
                0x080000f0       0x44 build/obj/sys.o
 *fill*         0x08000134        0xc 00
 .text.flash_check_blank
                0x08000140       0x1a build/obj/sys.o
 *fill*         0x0800015a        0x6 00
 .text.flash_erase_all_and_exec
                0x08000160       0x28 build/obj/sys.o
 *fill*         0x08000188        0x8 00
 .text.usb_lld_sys_init
                0x08000190       0x3c build/obj/sys.o
 *fill*         0x080001cc        0x4 00
 .text.usb_lld_sys_shutdown
                0x080001d0       0x10 build/obj/sys.o
 .text.nvic_system_reset
                0x080001e0       0x1c build/obj/sys.o
 *fill*         0x080001fc        0x4 00
 .text.reset    0x08000200       0x28 build/obj/sys.o
 *fill*         0x08000228        0x8 00
 .text.flash_write
                0x08000230       0x48 build/obj/sys.o
 *fill*         0x08000278        0x8 00
 .text.flash_protect
                0x08000280       0x68 build/obj/sys.o
 */sys.o(.rodata)
 */sys.o(.rodata.*)
                0x08000400                . = ALIGN (0x400)
 *fill*         0x080002e8      0x118 00
 *(.sys.0)
 .sys.0         0x08000400      0x400 build/obj/aes.o
 *(.sys.1)
 .sys.1         0x08000800      0x400 build/obj/aes.o
 *(.sys.2)
 .sys.2         0x08000c00      0x400 build/obj/aes.o
                0x08001000                _text = .

startup         0x08001000       0xf0
 *(vectors)
 vectors        0x08001000       0xec build/obj/vectors.o
                0x08001000                _vectors
                0x080010f0                . = ALIGN (0x10)
 *fill*         0x080010ec        0x4 ffffffff

constructors    0x080010f0        0x0
                0x080010f0                PROVIDE (__init_array_start, .)
 *(SORT(.init_array.*))
 *(.init_array)
                0x080010f0                PROVIDE (__init_array_end, .)

destructors     0x080010f0        0x0
                0x080010f0                PROVIDE (__fini_array_start, .)
 *(.fini_array)
 *(SORT(.fini_array.*))
                0x080010f0                PROVIDE (__fini_array_end, .)

.text           0x080010f0     0xb7c4
 *(.text.startup.*)
 .text.startup.main
                0x080010f0      0x2c8 build/obj/main.o
                0x080010f0                main
 *(.text)
 *(.text.*)
 *fill*         0x080013b8        0x8 00
 .text.__late_init
                0x080013c0        0x2 build/obj/crt0.o
                0x080013c0                __late_init
 *fill*         0x080013c2        0xe 00
 .text._default_exit
                0x080013d0        0x2 build/obj/crt0.o
                0x080013d0                _default_exit
 *fill*         0x080013d2        0xe 00
 .text.ResetHandler
                0x080013e0       0xc0 build/obj/crt0.o
                0x080013e0                ResetHandler
 .text._unhandled_exception
                0x080014a0        0x2 build/obj/vectors.o
                0x080014a0                Vector58
                0x080014a0                VectorE8
                0x080014a0                Vector9C
                0x080014a0                VectorAC
                0x080014a0                Vector5C
                0x080014a0                NMIVector
                0x080014a0                Vector8C
                0x080014a0                VectorDC
                0x080014a0                VectorC8
                0x080014a0                Vector94
                0x080014a0                VectorA8
                0x080014a0                VectorB4
                0x080014a0                UsageFaultVector
                0x080014a0                DebugMonitorVector
                0x080014a0                Vector40
                0x080014a0                VectorBC
                0x080014a0                PendSVVector
                0x080014a0                Vector64
                0x080014a0                VectorCC
                0x080014a0                Vector54
                0x080014a0                Vector98
                0x080014a0                VectorD8
                0x080014a0                Vector24
                0x080014a0                BusFaultVector
                0x080014a0                VectorD0
                0x080014a0                VectorE4
                0x080014a0                VectorC0
                0x080014a0                HardFaultVector
                0x080014a0                VectorE0
                0x080014a0                MemManageVector
                0x080014a0                VectorA0
                0x080014a0                VectorC4
                0x080014a0                VectorB0
                0x080014a0                Vector60
                0x080014a0                Vector1C
                0x080014a0                Vector48
                0x080014a0                VectorD4
                0x080014a0                Vector4C
                0x080014a0                Vector68
                0x080014a0                _unhandled_exception
                0x080014a0                Vector88
                0x080014a0                Vector50
                0x080014a0                Vector44
                0x080014a0                Vector28
                0x080014a0                VectorB8
                0x080014a0                Vector34
                0x080014a0                VectorA4
                0x080014a0                Vector20
 *fill*         0x080014a2        0xe 00
 .text.port_halt
                0x080014b0        0x4 build/obj/chcore.o
                0x080014b0                port_halt
 *fill*         0x080014b4        0xc 00
 .text._port_switch_from_isr
                0x080014c0        0x6 build/obj/chcore_v7m.o
                0x080014c0                _port_switch_from_isr
 *fill*         0x080014c6        0xa 00
 .text.SVCallVector
                0x080014d0       0x12 build/obj/chcore_v7m.o
                0x080014d0                SVCallVector
 *fill*         0x080014e2        0xe 00
 .text._port_init
                0x080014f0       0x34 build/obj/chcore_v7m.o
                0x080014f0                _port_init
 *fill*         0x08001524        0xc 00
 .text._port_irq_epilogue
                0x08001530       0x70 build/obj/chcore_v7m.o
                0x08001530                _port_irq_epilogue
 .text.SysTickVector
                0x080015a0       0x1a build/obj/chcore_v7m.o
                0x080015a0                SysTickVector
 *fill*         0x080015ba        0x6 00
 .text._port_switch
                0x080015c0       0x10 build/obj/chcore_v7m.o
                0x080015c0                _port_switch
 .text._port_thread_start
                0x080015d0       0x10 build/obj/chcore_v7m.o
                0x080015d0                _port_thread_start
 .text.nvicEnableVector
                0x080015e0       0x44 build/obj/nvic.o
                0x080015e0                nvicEnableVector
 *fill*         0x08001624        0xc 00
 .text.nvicDisableVector
                0x08001630       0x38 build/obj/nvic.o
                0x08001630                nvicDisableVector
 *fill*         0x08001668        0x8 00
 .text.nvicSetSystemHandlerPriority
                0x08001670       0x2c build/obj/nvic.o
                0x08001670                nvicSetSystemHandlerPriority
 *fill*         0x0800169c        0x4 00
 .text._idle_thread
                0x080016a0       0x14 build/obj/chsys.o
                0x080016a0                _idle_thread
 *fill*         0x080016b4        0xc 00
 .text.chSysInit
                0x080016c0       0x64 build/obj/chsys.o
                0x080016c0                chSysInit
 *fill*         0x08001724        0xc 00
 .text.chSysTimerHandlerI
                0x08001730       0x44 build/obj/chsys.o
                0x08001730                chSysTimerHandlerI
 *fill*         0x08001774        0xc 00
 .text.chDbgPanic
                0x08001780        0xc build/obj/chdebug.o
                0x08001780                chDbgPanic
 *fill*         0x0800178c        0x4 00
 .text._vt_init
                0x08001790       0x18 build/obj/chvt.o
                0x08001790                _vt_init
 *fill*         0x080017a8        0x8 00
 .text.chVTSetI
                0x080017b0       0x30 build/obj/chvt.o
                0x080017b0                chVTSetI
 .text.chVTResetI
                0x080017e0       0x24 build/obj/chvt.o
                0x080017e0                chVTResetI
 *fill*         0x08001804        0xc 00
 .text._scheduler_init
                0x08001810       0x18 build/obj/chschd.o
                0x08001810                _scheduler_init
 *fill*         0x08001828        0x8 00
 .text.chSchReadyI
                0x08001830       0x24 build/obj/chschd.o
                0x08001830                chSchReadyI
 *fill*         0x08001854        0xc 00
 .text.wakeup   0x08001860       0x2e build/obj/chschd.o
 *fill*         0x0800188e        0x2 00
 .text.chSchGoSleepS
                0x08001890       0x44 build/obj/chschd.o
                0x08001890                chSchGoSleepS
 *fill*         0x080018d4        0xc 00
 .text.chSchGoSleepTimeoutS
                0x080018e0       0x40 build/obj/chschd.o
                0x080018e0                chSchGoSleepTimeoutS
 .text.chSchWakeupS
                0x08001920       0x54 build/obj/chschd.o
                0x08001920                chSchWakeupS
 *fill*         0x08001974        0xc 00
 .text.chSchDoReschedule
                0x08001980       0x44 build/obj/chschd.o
                0x08001980                chSchDoReschedule
 *fill*         0x080019c4        0xc 00
 .text.chSchRescheduleS
                0x080019d0       0x18 build/obj/chschd.o
                0x080019d0                chSchRescheduleS
 *fill*         0x080019e8        0x8 00
 .text._thread_init
                0x080019f0       0x3c build/obj/chthreads.o
                0x080019f0                _thread_init
 *fill*         0x08001a2c        0x4 00
 .text.chThdCreateI
                0x08001a30       0x20 build/obj/chthreads.o
                0x08001a30                chThdCreateI
 .text.chThdCreateStatic
                0x08001a50       0x26 build/obj/chthreads.o
                0x08001a50                chThdCreateStatic
 *fill*         0x08001a76        0xa 00
 .text.chThdTerminate
                0x08001a80       0x1a build/obj/chthreads.o
                0x08001a80                chThdTerminate
 *fill*         0x08001a9a        0x6 00
 .text.chThdSleep
                0x08001aa0       0x18 build/obj/chthreads.o
                0x08001aa0                chThdSleep
 *fill*         0x08001ab8        0x8 00
 .text.chThdExitS
                0x08001ac0       0x3c build/obj/chthreads.o
                0x08001ac0                chThdExitS
 *fill*         0x08001afc        0x4 00
 .text.chThdExit
                0x08001b00        0xa build/obj/chthreads.o
                0x08001b00                chThdExit
 *fill*         0x08001b0a        0x6 00
 .text.chThdWait
                0x08001b10       0x38 build/obj/chthreads.o
                0x08001b10                chThdWait
 *fill*         0x08001b48        0x8 00
 .text.chThdRelease
                0x08001b50       0x3e build/obj/chdynamic.o
                0x08001b50                chThdRelease
 *fill*         0x08001b8e        0x2 00
 .text.prio_insert
                0x08001b90       0x1e build/obj/chmtx.o
 *fill*         0x08001bae        0x2 00
 .text.chMtxInit
                0x08001bb0        0xa build/obj/chmtx.o
                0x08001bb0                chMtxInit
 *fill*         0x08001bba        0x6 00
 .text.chMtxLockS
                0x08001bc0       0x8c build/obj/chmtx.o
                0x08001bc0                chMtxLockS
 *fill*         0x08001c4c        0x4 00
 .text.chMtxLock
                0x08001c50       0x14 build/obj/chmtx.o
                0x08001c50                chMtxLock
 *fill*         0x08001c64        0xc 00
 .text.chMtxUnlock
                0x08001c70       0x58 build/obj/chmtx.o
                0x08001c70                chMtxUnlock
 *fill*         0x08001cc8        0x8 00
 .text.chMtxUnlockS
                0x08001cd0       0x4c build/obj/chmtx.o
                0x08001cd0                chMtxUnlockS
 *fill*         0x08001d1c        0x4 00
 .text.prio_insert
                0x08001d20       0x1e build/obj/chcond.o
 *fill*         0x08001d3e        0x2 00
 .text.chCondInit
                0x08001d40        0x6 build/obj/chcond.o
                0x08001d40                chCondInit
 *fill*         0x08001d46        0xa 00
 .text.chCondSignal
                0x08001d50       0x24 build/obj/chcond.o
                0x08001d50                chCondSignal
 *fill*         0x08001d74        0xc 00
 .text.chCondWaitS
                0x08001d80       0x30 build/obj/chcond.o
                0x08001d80                chCondWaitS
 .text.chCondWait
                0x08001db0       0x14 build/obj/chcond.o
                0x08001db0                chCondWait
 *fill*         0x08001dc4        0xc 00
 .text.chEvtClearFlags
                0x08001dd0       0x20 build/obj/chevents.o
                0x08001dd0                chEvtClearFlags
 .text.chEvtSignalFlagsI
                0x08001df0       0x2e build/obj/chevents.o
                0x08001df0                chEvtSignalFlagsI
 *fill*         0x08001e1e        0x2 00
 .text.chEvtSignalFlags
                0x08001e20       0x18 build/obj/chevents.o
                0x08001e20                chEvtSignalFlags
 *fill*         0x08001e38        0x8 00
 .text.chEvtWaitOne
                0x08001e40       0x38 build/obj/chevents.o
                0x08001e40                chEvtWaitOne
 *fill*         0x08001e78        0x8 00
 .text.chEvtWaitOneTimeout
                0x08001e80       0x44 build/obj/chevents.o
                0x08001e80                chEvtWaitOneTimeout
 *fill*         0x08001ec4        0xc 00
 .text._core_init
                0x08001ed0       0x28 build/obj/chmemcore.o
                0x08001ed0                _core_init
 *fill*         0x08001ef8        0x8 00
 .text.chCoreAllocI
                0x08001f00       0x24 build/obj/chmemcore.o
                0x08001f00                chCoreAllocI
 *fill*         0x08001f24        0xc 00
 .text.chCoreAlloc
                0x08001f30       0x14 build/obj/chmemcore.o
                0x08001f30                chCoreAlloc
 *fill*         0x08001f44        0xc 00
 .text._heap_init
                0x08001f50       0x1c build/obj/chheap.o
                0x08001f50                _heap_init
 *fill*         0x08001f6c        0x4 00
 .text.chHeapAlloc
                0x08001f70       0x78 build/obj/chheap.o
                0x08001f70                chHeapAlloc
 *fill*         0x08001fe8        0x8 00
 .text.chHeapFree
                0x08001ff0       0x7a build/obj/chheap.o
                0x08001ff0                chHeapFree
 *fill*         0x0800206a        0x6 00
 .text.halInit  0x08002070       0x18 build/obj/hal.o
                0x08002070                halInit
 *fill*         0x08002088        0x8 00
 .text.Vector6C
                0x08002090       0x28 build/obj/stm32_dma.o
                0x08002090                Vector6C
 *fill*         0x080020b8        0x8 00
 .text.Vector70
                0x080020c0       0x28 build/obj/stm32_dma.o
                0x080020c0                Vector70
 *fill*         0x080020e8        0x8 00
 .text.Vector74
                0x080020f0       0x2c build/obj/stm32_dma.o
                0x080020f0                Vector74
 *fill*         0x0800211c        0x4 00
 .text.Vector78
                0x08002120       0x2c build/obj/stm32_dma.o
                0x08002120                Vector78
 *fill*         0x0800214c        0x4 00
 .text.Vector7C
                0x08002150       0x2c build/obj/stm32_dma.o
                0x08002150                Vector7C
 *fill*         0x0800217c        0x4 00
 .text.Vector80
                0x08002180       0x2c build/obj/stm32_dma.o
                0x08002180                Vector80
 *fill*         0x080021ac        0x4 00
 .text.Vector84
                0x080021b0       0x2c build/obj/stm32_dma.o
                0x080021b0                Vector84
 *fill*         0x080021dc        0x4 00
 .text.dmaInit  0x080021e0       0x38 build/obj/stm32_dma.o
                0x080021e0                dmaInit
 *fill*         0x08002218        0x8 00
 .text.dmaStreamAllocate
                0x08002220       0x6c build/obj/stm32_dma.o
                0x08002220                dmaStreamAllocate
 *fill*         0x0800228c        0x4 00
 .text.dmaStreamRelease
                0x08002290       0x34 build/obj/stm32_dma.o
                0x08002290                dmaStreamRelease
 *fill*         0x080022c4        0xc 00
 .text.hal_lld_init
                0x080022d0       0x68 build/obj/hal_lld.o
                0x080022d0                hal_lld_init
 *fill*         0x08002338        0x8 00
 .text.stm32_clock_init
                0x08002340       0x7c build/obj/hal_lld.o
                0x08002340                stm32_clock_init
 *fill*         0x080023bc        0x4 00
 .text._pal_lld_init
                0x080023c0       0x6c build/obj/pal_lld.o
                0x080023c0                _pal_lld_init
 *fill*         0x0800242c        0x4 00
 .text.__early_init
                0x08002430        0x4 build/obj/board-common.o
                0x08002430                __early_init
 *fill*         0x08002434        0xc 00
 .text.boardInit
                0x08002440       0x10 build/obj/board.o
                0x08002440                boardInit
 .text.mpi_sub_hlp
                0x08002450       0x5e build/obj/bignum.o
 *fill*         0x080024ae        0x2 00
 .text.mpi_mul_hlp
                0x080024b0      0x2da build/obj/bignum.o
 *fill*         0x0800278a        0x6 00
 .text.mpi_init
                0x08002790       0x2a build/obj/bignum.o
                0x08002790                mpi_init
 *fill*         0x080027ba        0x6 00
 .text.mpi_free
                0x080027c0       0x40 build/obj/bignum.o
                0x080027c0                mpi_free
 .text.mpi_grow
                0x08002800       0x52 build/obj/bignum.o
                0x08002800                mpi_grow
 *fill*         0x08002852        0xe 00
 .text.mpi_copy
                0x08002860       0x50 build/obj/bignum.o
                0x08002860                mpi_copy
 .text.mpi_swap
                0x080028b0       0x28 build/obj/bignum.o
                0x080028b0                mpi_swap
 *fill*         0x080028d8        0x8 00
 .text.mpi_lset
                0x080028e0       0x38 build/obj/bignum.o
                0x080028e0                mpi_lset
 *fill*         0x08002918        0x8 00
 .text.mpi_lsb  0x08002920       0x32 build/obj/bignum.o
                0x08002920                mpi_lsb
 *fill*         0x08002952        0xe 00
 .text.mpi_msb  0x08002960       0x38 build/obj/bignum.o
                0x08002960                mpi_msb
 *fill*         0x08002998        0x8 00
 .text.mpi_size
                0x080029a0        0xc build/obj/bignum.o
                0x080029a0                mpi_size
 *fill*         0x080029ac        0x4 00
 .text.mpi_read_binary
                0x080029b0       0x68 build/obj/bignum.o
                0x080029b0                mpi_read_binary
 *fill*         0x08002a18        0x8 00
 .text.mpi_write_binary
                0x08002a20       0x48 build/obj/bignum.o
                0x08002a20                mpi_write_binary
 *fill*         0x08002a68        0x8 00
 .text.mpi_shift_l
                0x08002a70       0x96 build/obj/bignum.o
                0x08002a70                mpi_shift_l
 *fill*         0x08002b06        0xa 00
 .text.mpi_shift_r
                0x08002b10       0x72 build/obj/bignum.o
                0x08002b10                mpi_shift_r
 *fill*         0x08002b82        0xe 00
 .text.mpi_cmp_abs
                0x08002b90       0x76 build/obj/bignum.o
                0x08002b90                mpi_cmp_abs
 *fill*         0x08002c06        0xa 00
 .text.mpi_montmul
                0x08002c10       0xc8 build/obj/bignum.o
 *fill*         0x08002cd8        0x8 00
 .text.mpi_cmp_mpi
                0x08002ce0       0x8e build/obj/bignum.o
                0x08002ce0                mpi_cmp_mpi
 *fill*         0x08002d6e        0x2 00
 .text.mpi_cmp_int
                0x08002d70       0x2a build/obj/bignum.o
                0x08002d70                mpi_cmp_int
 *fill*         0x08002d9a        0x6 00
 .text.mpi_add_abs
                0x08002da0       0xc4 build/obj/bignum.o
                0x08002da0                mpi_add_abs
 *fill*         0x08002e64        0xc 00
 .text.mpi_sub_abs
                0x08002e70       0x78 build/obj/bignum.o
                0x08002e70                mpi_sub_abs
 *fill*         0x08002ee8        0x8 00
 .text.mpi_add_mpi
                0x08002ef0       0x44 build/obj/bignum.o
                0x08002ef0                mpi_add_mpi
 *fill*         0x08002f34        0xc 00
 .text.mpi_sub_mpi
                0x08002f40       0x46 build/obj/bignum.o
                0x08002f40                mpi_sub_mpi
 *fill*         0x08002f86        0xa 00
 .text.mpi_add_int
                0x08002f90       0x2a build/obj/bignum.o
                0x08002f90                mpi_add_int
 *fill*         0x08002fba        0x6 00
 .text.mpi_sub_int
                0x08002fc0       0x2a build/obj/bignum.o
                0x08002fc0                mpi_sub_int
 *fill*         0x08002fea        0x6 00
 .text.mpi_mul_mpi
                0x08002ff0       0xd6 build/obj/bignum.o
                0x08002ff0                mpi_mul_mpi
 *fill*         0x080030c6        0xa 00
 .text.mpi_mul_int
                0x080030d0       0x18 build/obj/bignum.o
                0x080030d0                mpi_mul_int
 *fill*         0x080030e8        0x8 00
 .text.mpi_div_mpi
                0x080030f0      0x3b4 build/obj/bignum.o
                0x080030f0                mpi_div_mpi
 *fill*         0x080034a4        0xc 00
 .text.mpi_mod_mpi
                0x080034b0       0x64 build/obj/bignum.o
                0x080034b0                mpi_mod_mpi
 *fill*         0x08003514        0xc 00
 .text.mpi_mod_int
                0x08003520       0x68 build/obj/bignum.o
                0x08003520                mpi_mod_int
 *fill*         0x08003588        0x8 00
 .text.mpi_exp_mod
                0x08003590      0x3a0 build/obj/bignum.o
                0x08003590                mpi_exp_mod
 .text.mpi_gcd  0x08003930      0x108 build/obj/bignum.o
                0x08003930                mpi_gcd
 *fill*         0x08003a38        0x8 00
 .text.mpi_inv_mod
                0x08003a40      0x29e build/obj/bignum.o
                0x08003a40                mpi_inv_mod
 *fill*         0x08003cde        0x2 00
 .text.mpi_is_prime
                0x08003ce0      0x218 build/obj/bignum.o
                0x08003ce0                mpi_is_prime
 *fill*         0x08003ef8        0x8 00
 .text.mpi_gen_prime
                0x08003f00      0x126 build/obj/bignum.o
                0x08003f00                mpi_gen_prime
 *fill*         0x08004026        0xa 00
 .text.rsa_init
                0x08004030       0x1a build/obj/rsa.o
                0x08004030                rsa_init
 *fill*         0x0800404a        0x6 00
 .text.rsa_public
                0x08004050       0x88 build/obj/rsa.o
                0x08004050                rsa_public
 *fill*         0x080040d8        0x8 00
 .text.rsa_private
                0x080040e0       0xd8 build/obj/rsa.o
                0x080040e0                rsa_private
 *fill*         0x080041b8        0x8 00
 .text.rsa_pkcs1_decrypt
                0x080041c0       0x8c build/obj/rsa.o
                0x080041c0                rsa_pkcs1_decrypt
 *fill*         0x0800424c        0x4 00
 .text.rsa_pkcs1_sign
                0x08004250      0x1e8 build/obj/rsa.o
                0x08004250                rsa_pkcs1_sign
 *fill*         0x08004438        0x8 00
 .text.rsa_pkcs1_verify
                0x08004440      0x180 build/obj/rsa.o
                0x08004440                rsa_pkcs1_verify
 .text.rsa_free
                0x080045c0       0x4a build/obj/rsa.o
                0x080045c0                rsa_free
 *fill*         0x0800460a        0x6 00
 .text.rsa_gen_key
                0x08004610      0x148 build/obj/rsa.o
                0x08004610                rsa_gen_key
 *fill*         0x08004758        0x8 00
 .text.aes_setkey_enc
                0x08004760      0x1a0 build/obj/aes.o
                0x08004760                aes_setkey_enc
 .text.aes_setkey_dec
                0x08004900       0xf8 build/obj/aes.o
                0x08004900                aes_setkey_dec
 *fill*         0x080049f8        0x8 00
 .text.aes_crypt_ecb
                0x08004a00      0x710 build/obj/aes.o
                0x08004a00                aes_crypt_ecb
 .text.aes_crypt_cfb128
                0x08005110       0x74 build/obj/aes.o
                0x08005110                aes_crypt_cfb128
 *fill*         0x08005184        0xc 00
 .text.bswap32_buf
                0x08005190       0x18 build/obj/sha256.o
 *fill*         0x080051a8        0x8 00
 .text.sha256_process
                0x080051b0      0x820 build/obj/sha256.o
                0x080051b0                sha256_process
 .text.sha256_update
                0x080059d0       0x58 build/obj/sha256.o
                0x080059d0                sha256_update
 *fill*         0x08005a28        0x8 00
 .text.sha256_finish
                0x08005a30       0xaa build/obj/sha256.o
                0x08005a30                sha256_finish
 *fill*         0x08005ada        0x6 00
 .text.sha256_start
                0x08005ae0       0x20 build/obj/sha256.o
                0x08005ae0                sha256_start
 .text.rsa_sign
                0x08005b00      0x10c build/obj/call-rsa.o
                0x08005b00                rsa_sign
 *fill*         0x08005c0c        0x4 00
 .text.modulus_calc
                0x08005c10       0x5e build/obj/call-rsa.o
                0x08005c10                modulus_calc
 *fill*         0x08005c6e        0x2 00
 .text.modulus_free
                0x08005c70        0x4 build/obj/call-rsa.o
                0x08005c70                modulus_free
 *fill*         0x08005c74        0xc 00
 .text.rsa_decrypt
                0x08005c80       0xf8 build/obj/call-rsa.o
                0x08005c80                rsa_decrypt
 *fill*         0x08005d78        0x8 00
 .text.rsa_verify
                0x08005d80       0x5c build/obj/call-rsa.o
                0x08005d80                rsa_verify
 *fill*         0x08005ddc        0x4 00
 .text.rsa_genkey
                0x08005de0       0x90 build/obj/call-rsa.o
                0x08005de0                rsa_genkey
 .text.set_led  0x08005e70       0x10 build/obj/main.o
 .text.emit_led
                0x08005e80       0x40 build/obj/main.o
 .text.led_blink
                0x08005ec0       0x10 build/obj/main.o
                0x08005ec0                led_blink
 .text.fatal    0x08005ed0       0x1c build/obj/main.o
                0x08005ed0                fatal
 *fill*         0x08005eec        0x4 00
 .text.st103_ep_clear_ctr_rx
                0x08005ef0       0x18 build/obj/usb_stm32f103.o
 *fill*         0x08005f08        0x8 00
 .text.st103_ep_set_rx_status
                0x08005f10       0x24 build/obj/usb_stm32f103.o
 *fill*         0x08005f34        0xc 00
 .text.st103_ep_set_tx_status
                0x08005f40       0x24 build/obj/usb_stm32f103.o
 *fill*         0x08005f64        0xc 00
 .text.std_none
                0x08005f70        0x4 build/obj/usb_stm32f103.o
 *fill*         0x08005f74        0xc 00
 .text.std_get_status
                0x08005f80       0xc8 build/obj/usb_stm32f103.o
 *fill*         0x08006048        0x8 00
 .text.std_set_address
                0x08006050       0x2c build/obj/usb_stm32f103.o
 *fill*         0x0800607c        0x4 00
 .text.std_get_configuration
                0x08006080       0x24 build/obj/usb_stm32f103.o
 *fill*         0x080060a4        0xc 00
 .text.std_set_configuration
                0x080060b0       0x2c build/obj/usb_stm32f103.o
 *fill*         0x080060dc        0x4 00
 .text.std_set_interface
                0x080060e0       0x48 build/obj/usb_stm32f103.o
 *fill*         0x08006128        0x8 00
 .text.std_clear_feature
                0x08006130       0xa4 build/obj/usb_stm32f103.o
 *fill*         0x080061d4        0xc 00
 .text.std_set_feature
                0x080061e0       0x88 build/obj/usb_stm32f103.o
 *fill*         0x08006268        0x8 00
 .text.std_get_descriptor
                0x08006270       0x28 build/obj/usb_stm32f103.o
 *fill*         0x08006298        0x8 00
 .text.std_get_interface
                0x080062a0       0x48 build/obj/usb_stm32f103.o
 *fill*         0x080062e8        0x8 00
 .text.st103_ep_set_rxtx_status.constprop.7
                0x080062f0       0x28 build/obj/usb_stm32f103.o
 *fill*         0x08006318        0x8 00
 .text.usb_lld_init
                0x08006320       0x3c build/obj/usb_stm32f103.o
                0x08006320                usb_lld_init
 *fill*         0x0800635c        0x4 00
 .text.usb_lld_prepare_shutdown
                0x08006360       0x10 build/obj/usb_stm32f103.o
                0x08006360                usb_lld_prepare_shutdown
 .text.usb_lld_shutdown
                0x08006370       0x18 build/obj/usb_stm32f103.o
                0x08006370                usb_lld_shutdown
 *fill*         0x08006388        0x8 00
 .text.nop_proc
                0x08006390        0x2 build/obj/usb_stm32f103.o
                0x08006390                EP4_IN_Callback
                0x08006390                EP5_OUT_Callback
                0x08006390                EP3_OUT_Callback
                0x08006390                EP2_IN_Callback
                0x08006390                EP6_IN_Callback
                0x08006390                EP5_IN_Callback
                0x08006390                EP4_OUT_Callback
                0x08006390                EP6_OUT_Callback
                0x08006390                EP7_IN_Callback
                0x08006390                EP2_OUT_Callback
                0x08006390                EP3_IN_Callback
                0x08006390                EP7_OUT_Callback
 *fill*         0x08006392        0xe 00
 .text.usb_lld_reset
                0x080063a0       0x14 build/obj/usb_stm32f103.o
                0x080063a0                usb_lld_reset
 *fill*         0x080063b4        0xc 00
 .text.usb_lld_tx_enable
                0x080063c0       0x14 build/obj/usb_stm32f103.o
                0x080063c0                usb_lld_tx_enable
 *fill*         0x080063d4        0xc 00
 .text.usb_lld_rx_data_len
                0x080063e0       0x14 build/obj/usb_stm32f103.o
                0x080063e0                usb_lld_rx_data_len
 *fill*         0x080063f4        0xc 00
 .text.usb_lld_stall_tx
                0x08006400        0x8 build/obj/usb_stm32f103.o
                0x08006400                usb_lld_stall_tx
 *fill*         0x08006408        0x8 00
 .text.usb_lld_stall_rx
                0x08006410        0xa build/obj/usb_stm32f103.o
                0x08006410                usb_lld_stall_rx
 *fill*         0x0800641a        0x6 00
 .text.usb_lld_rx_enable
                0x08006420        0xa build/obj/usb_stm32f103.o
                0x08006420                usb_lld_rx_enable
 *fill*         0x0800642a        0x6 00
 .text.usb_lld_setup_endpoint
                0x08006430       0x80 build/obj/usb_stm32f103.o
                0x08006430                usb_lld_setup_endpoint
 .text.usb_lld_set_configuration
                0x080064b0        0xc build/obj/usb_stm32f103.o
                0x080064b0                usb_lld_set_configuration
 *fill*         0x080064bc        0x4 00
 .text.usb_lld_current_configuration
                0x080064c0        0xc build/obj/usb_stm32f103.o
                0x080064c0                usb_lld_current_configuration
 *fill*         0x080064cc        0x4 00
 .text.usb_lld_set_feature
                0x080064d0        0xc build/obj/usb_stm32f103.o
                0x080064d0                usb_lld_set_feature
 *fill*         0x080064dc        0x4 00
 .text.usb_lld_set_data_to_send
                0x080064e0        0xc build/obj/usb_stm32f103.o
                0x080064e0                usb_lld_set_data_to_send
 *fill*         0x080064ec        0x4 00
 .text.usb_lld_to_pmabuf
                0x080064f0       0x5c build/obj/usb_stm32f103.o
                0x080064f0                usb_lld_to_pmabuf
 *fill*         0x0800654c        0x4 00
 .text.usb_lld_write
                0x08006550       0x30 build/obj/usb_stm32f103.o
                0x08006550                usb_lld_write
 .text.usb_lld_txcpy
                0x08006580       0x18 build/obj/usb_stm32f103.o
                0x08006580                usb_lld_txcpy
 *fill*         0x08006598        0x8 00
 .text.handle_datastage_in
                0x080065a0       0x88 build/obj/usb_stm32f103.o
 *fill*         0x08006628        0x8 00
 .text.usb_lld_from_pmabuf
                0x08006630       0x58 build/obj/usb_stm32f103.o
                0x08006630                usb_lld_from_pmabuf
 *fill*         0x08006688        0x8 00
 .text.usb_lld_rxcpy
                0x08006690       0x1c build/obj/usb_stm32f103.o
                0x08006690                usb_lld_rxcpy
 *fill*         0x080066ac        0x4 00
 .text.usb_interrupt_handler
                0x080066b0      0x270 build/obj/usb_stm32f103.o
                0x080066b0                usb_interrupt_handler
 .text.adc_stop_conversion
                0x08006920       0x2c build/obj/adc_stm32f103.o
 *fill*         0x0800694c        0x4 00
 .text.adc_lld_serve_rx_interrupt
                0x08006950       0xac build/obj/adc_stm32f103.o
 *fill*         0x080069fc        0x4 00
 .text.adc_init
                0x08006a00       0x84 build/obj/adc_stm32f103.o
                0x08006a00                adc_init
 *fill*         0x08006a84        0xc 00
 .text.adc_start
                0x08006a90       0x8c build/obj/adc_stm32f103.o
                0x08006a90                adc_start
 *fill*         0x08006b1c        0x4 00
 .text.adc_start_conversion
                0x08006b20       0x70 build/obj/adc_stm32f103.o
                0x08006b20                adc_start_conversion
 .text.adc_stop
                0x08006b90       0x30 build/obj/adc_stm32f103.o
                0x08006b90                adc_stop
 .text.gnuk_get_descriptor
                0x08006bc0       0x54 build/obj/usb_ctrl.o
 *fill*         0x08006c14        0xc 00
 .text.gnuk_setup_endpoints_for_interface
                0x08006c20       0x32 build/obj/usb_ctrl.o
 *fill*         0x08006c52        0xe 00
 .text.gnuk_device_reset
                0x08006c60       0x44 build/obj/usb_ctrl.o
 *fill*         0x08006ca4        0xc 00
 .text.gnuk_interface
                0x08006cb0       0x34 build/obj/usb_ctrl.o
 *fill*         0x08006ce4        0xc 00
 .text.gnuk_usb_event
                0x08006cf0       0x68 build/obj/usb_ctrl.o
 *fill*         0x08006d58        0x8 00
 .text.gnuk_setup
                0x08006d60      0x108 build/obj/usb_ctrl.o
 *fill*         0x08006e68        0x8 00
 .text.gnuk_ctrl_write_finish
                0x08006e70       0x34 build/obj/usb_ctrl.o
 *fill*         0x08006ea4        0xc 00
 .text.Vector90
                0x08006eb0       0x1a build/obj/usb_ctrl.o
                0x08006eb0                Vector90
 *fill*         0x08006eca        0x6 00
 .text.no_buf   0x08006ed0        0xa build/obj/usb-icc.o
 *fill*         0x08006eda        0x6 00
 .text.get_sw1sw2
                0x08006ee0       0x18 build/obj/usb-icc.o
 *fill*         0x08006ef8        0x8 00
 .text.end_icc_rx
                0x08006f00        0xc build/obj/usb-icc.o
 *fill*         0x08006f0c        0x4 00
 .text.end_abdata
                0x08006f10       0x24 build/obj/usb-icc.o
 *fill*         0x08006f34        0xc 00
 .text.end_cmd_apdu_head
                0x08006f40       0x82 build/obj/usb-icc.o
 *fill*         0x08006fc2        0xe 00
 .text.end_nomore_data
                0x08006fd0        0xc build/obj/usb-icc.o
 *fill*         0x08006fdc        0x4 00
 .text.end_cmd_apdu_data
                0x08006fe0       0x50 build/obj/usb-icc.o
 .text.nomore_data
                0x08007030       0x20 build/obj/usb-icc.o
 .text.icc_cmd_apdu_data
                0x08007050       0x80 build/obj/usb-icc.o
 .text.icc_abdata
                0x080070d0       0x50 build/obj/usb-icc.o
 .text.icc_send_data_block_gr
                0x08007120      0x114 build/obj/usb-icc.o
 *fill*         0x08007234        0xc 00
 .text.icc_send_status
                0x08007240       0x58 build/obj/usb-icc.o
 *fill*         0x08007298        0x8 00
 .text.notify_icc
                0x080072a0        0xe build/obj/usb-icc.o
 *fill*         0x080072ae        0x2 00
 .text.notify_tx
                0x080072b0        0xa build/obj/usb-icc.o
 *fill*         0x080072ba        0x6 00
 .text.icc_error.constprop.1
                0x080072c0       0x58 build/obj/usb-icc.o
 *fill*         0x08007318        0x8 00
 .text.ccid_reset.constprop.2
                0x08007320       0x20 build/obj/usb-icc.o
 .text.icc_prepare_receive.constprop.4
                0x08007340       0x2c build/obj/usb-icc.o
 *fill*         0x0800736c        0x4 00
 .text.icc_send_data_block_internal.constprop.5
                0x08007370      0x138 build/obj/usb-icc.o
 *fill*         0x080074a8        0x8 00
 .text.EP1_IN_Callback
                0x080074b0       0x88 build/obj/usb-icc.o
                0x080074b0                EP1_IN_Callback
 *fill*         0x08007538        0x8 00
 .text.EP1_OUT_Callback
                0x08007540       0x80 build/obj/usb-icc.o
                0x08007540                EP1_OUT_Callback
 .text.icc_power_on
                0x080075c0       0x90 build/obj/usb-icc.o
                0x080075c0                icc_power_on
 .text.icc_power_off
                0x08007650       0x2c build/obj/usb-icc.o
                0x08007650                icc_power_off
 *fill*         0x0800767c        0x4 00
 .text.USBthread
                0x08007680      0x4d8 build/obj/usb-icc.o
                0x08007680                USBthread
 *fill*         0x08007b58        0x8 00
 .text.cmd_put_data
                0x08007b60       0x2c build/obj/openpgp.o
 *fill*         0x08007b8c        0x4 00
 .text.modify_binary
                0x08007b90       0xd0 build/obj/openpgp.o
 .text.cmd_update_binary
                0x08007c60       0x14 build/obj/openpgp.o
 *fill*         0x08007c74        0xc 00
 .text.cmd_write_binary
                0x08007c80       0x14 build/obj/openpgp.o
 *fill*         0x08007c94        0xc 00
 .text.cmd_get_data
                0x08007ca0       0x28 build/obj/openpgp.o
 *fill*         0x08007cc8        0x8 00
 .text.cmd_read_binary
                0x08007cd0       0xb0 build/obj/openpgp.o
 .text.cmd_select_file
                0x08007d80       0xe0 build/obj/openpgp.o
 .text.cmd_internal_authenticate
                0x08007e60       0x54 build/obj/openpgp.o
 *fill*         0x08007eb4        0xc 00
 .text.cmd_get_challenge
                0x08007ec0       0x48 build/obj/openpgp.o
 *fill*         0x08007f08        0x8 00
 .text.cmd_external_authenticate
                0x08007f10       0x80 build/obj/openpgp.o
 .text.cmd_pso  0x08007f90       0xb0 build/obj/openpgp.o
 .text.cmd_verify
                0x08008040       0x7c build/obj/openpgp.o
 *fill*         0x080080bc        0x4 00
 .text.cmd_pgp_gakp
                0x080080c0       0x38 build/obj/openpgp.o
 *fill*         0x080080f8        0x8 00
 .text.set_res_sw
                0x08008100       0x10 build/obj/openpgp.o
                0x08008100                set_res_sw
 .text.gpg_change_keystring
                0x08008110       0x9a build/obj/openpgp.o
                0x08008110                gpg_change_keystring
 *fill*         0x080081aa        0x6 00
 .text.s2k      0x080081b0       0x4c build/obj/openpgp.o
                0x080081b0                s2k
 *fill*         0x080081fc        0x4 00
 .text.cmd_reset_user_password
                0x08008200      0x138 build/obj/openpgp.o
 *fill*         0x08008338        0x8 00
 .text.cmd_change_password
                0x08008340      0x144 build/obj/openpgp.o
 *fill*         0x08008484        0xc 00
 .text.gpg_get_firmware_update_key
                0x08008490        0xc build/obj/openpgp.o
                0x08008490                gpg_get_firmware_update_key
 *fill*         0x0800849c        0x4 00
 .text.GPGthread
                0x080084a0       0xac build/obj/openpgp.o
                0x080084a0                GPGthread
 *fill*         0x0800854c        0x4 00
 .text.calc_md  0x08008550       0x66 build/obj/ac.o
 *fill*         0x080085b6        0xa 00
 .text.ac_check_status
                0x080085c0       0x24 build/obj/ac.o
                0x080085c0                ac_check_status
 *fill*         0x080085e4        0xc 00
 .text.ac_reset_pso_cds
                0x080085f0       0x18 build/obj/ac.o
                0x080085f0                ac_reset_pso_cds
 *fill*         0x08008608        0x8 00
 .text.ac_reset_other
                0x08008610       0x20 build/obj/ac.o
                0x08008610                ac_reset_other
 .text.verify_user_0
                0x08008630       0xc4 build/obj/ac.o
                0x08008630                verify_user_0
 *fill*         0x080086f4        0xc 00
 .text.verify_pso_cds
                0x08008700       0x30 build/obj/ac.o
                0x08008700                verify_pso_cds
 .text.verify_other
                0x08008730       0x30 build/obj/ac.o
                0x08008730                verify_other
 .text.verify_admin_0
                0x08008760       0xe0 build/obj/ac.o
                0x08008760                verify_admin_0
 .text.gpg_set_pw3
                0x08008840       0x5c build/obj/ac.o
                0x08008840                gpg_set_pw3
 *fill*         0x0800889c        0x4 00
 .text.verify_admin
                0x080088a0       0x38 build/obj/ac.o
                0x080088a0                verify_admin
 *fill*         0x080088d8        0x8 00
 .text.ac_reset_admin
                0x080088e0       0x2c build/obj/ac.o
                0x080088e0                ac_reset_admin
 *fill*         0x0800890c        0x4 00
 .text.ac_fini  0x08008910       0x38 build/obj/ac.o
                0x08008910                ac_fini
 *fill*         0x08008948        0x8 00
 .text.get_do_entry
                0x08008950       0x28 build/obj/openpgp-do.o
 *fill*         0x08008978        0x8 00
 .text.compute_key_data_checksum
                0x08008980       0x54 build/obj/openpgp-do.o
 *fill*         0x080089d4        0xc 00
 .text.encrypt_dek
                0x080089e0       0x22 build/obj/openpgp-do.o
 *fill*         0x08008a02        0xe 00
 .text.decrypt_dek
                0x08008a10       0x22 build/obj/openpgp-do.o
 *fill*         0x08008a32        0xe 00
 .text.copy_tag
                0x08008a40       0x20 build/obj/openpgp-do.o
 .text.do_ds_count
                0x08008a60       0x38 build/obj/openpgp-do.o
 *fill*         0x08008a98        0x8 00
 .text.do_openpgpcard_aid
                0x08008aa0       0x70 build/obj/openpgp-do.o
 .text.copy_do_1
                0x08008b10       0x40 build/obj/openpgp-do.o
 .text.do_hist_bytes
                0x08008b50       0x14 build/obj/openpgp-do.o
 *fill*         0x08008b64        0xc 00
 .text.copy_do  0x08008b70       0xb4 build/obj/openpgp-do.o
 *fill*         0x08008c24        0xc 00
 .text.rw_pw_status
                0x08008c30       0xa0 build/obj/openpgp-do.o
 .text.gpg_pw_get_retry_counter
                0x08008cd0       0x30 build/obj/openpgp-do.o
                0x08008cd0                gpg_pw_get_retry_counter
 .text.gpg_pw_locked
                0x08008d00       0x1c build/obj/openpgp-do.o
                0x08008d00                gpg_pw_locked
 *fill*         0x08008d1c        0x4 00
 .text.gpg_pw_reset_err_counter
                0x08008d20       0x28 build/obj/openpgp-do.o
                0x08008d20                gpg_pw_reset_err_counter
 *fill*         0x08008d48        0x8 00
 .text.gpg_pw_increment_err_counter
                0x08008d50       0x10 build/obj/openpgp-do.o
                0x08008d50                gpg_pw_increment_err_counter
 .text.gpg_increment_digital_signature_counter
                0x08008d60       0x58 build/obj/openpgp-do.o
                0x08008d60                gpg_increment_digital_signature_counter
 *fill*         0x08008db8        0x8 00
 .text.gpg_do_clear_prvkey
                0x08008dc0       0x14 build/obj/openpgp-do.o
                0x08008dc0                gpg_do_clear_prvkey
 *fill*         0x08008dd4        0xc 00
 .text.gpg_do_load_prvkey
                0x08008de0       0xd4 build/obj/openpgp-do.o
                0x08008de0                gpg_do_load_prvkey
 *fill*         0x08008eb4        0xc 00
 .text.gpg_do_chks_prvkey
                0x08008ec0       0xb8 build/obj/openpgp-do.o
                0x08008ec0                gpg_do_chks_prvkey
 *fill*         0x08008f78        0x8 00
 .text.gpg_data_scan
                0x08008f80      0x114 build/obj/openpgp-do.o
                0x08008f80                gpg_data_scan
 *fill*         0x08009094        0xc 00
 .text.gpg_data_copy
                0x080090a0       0xd8 build/obj/openpgp-do.o
                0x080090a0                gpg_data_copy
 *fill*         0x08009178        0x8 00
 .text.gpg_do_get_data
                0x08009180       0x70 build/obj/openpgp-do.o
                0x08009180                gpg_do_get_data
 .text.gpg_do_put_data
                0x080091f0      0x11c build/obj/openpgp-do.o
                0x080091f0                gpg_do_put_data
 *fill*         0x0800930c        0x4 00
 .text.gpg_do_public_key
                0x08009310       0x98 build/obj/openpgp-do.o
                0x08009310                gpg_do_public_key
 *fill*         0x080093a8        0x8 00
 .text.gpg_do_read_simple
                0x080093b0       0x14 build/obj/openpgp-do.o
                0x080093b0                gpg_do_read_simple
 *fill*         0x080093c4        0xc 00
 .text.do_kgtime_all
                0x080093d0       0x78 build/obj/openpgp-do.o
 *fill*         0x08009448        0x8 00
 .text.do_cafp_all
                0x08009450       0x7c build/obj/openpgp-do.o
 *fill*         0x080094cc        0x4 00
 .text.do_fp_all
                0x080094d0       0x7c build/obj/openpgp-do.o
 *fill*         0x0800954c        0x4 00
 .text.gpg_do_write_simple
                0x08009550       0x4c build/obj/openpgp-do.o
                0x08009550                gpg_do_write_simple
 *fill*         0x0800959c        0x4 00
 .text.gpg_do_write_prvkey
                0x080095a0      0x24c build/obj/openpgp-do.o
 *fill*         0x080097ec        0x4 00
 .text.proc_key_import
                0x080097f0      0x100 build/obj/openpgp-do.o
 .text.proc_resetting_code
                0x080098f0       0x58 build/obj/openpgp-do.o
 *fill*         0x08009948        0x8 00
 .text.gpg_do_keygen
                0x08009950       0x9c build/obj/openpgp-do.o
                0x08009950                gpg_do_keygen
 *fill*         0x080099ec        0x4 00
 .text.flash_program_halfword
                0x080099f0       0x10 build/obj/flash.o
 .text.flash_data_pool_allocate
                0x08009a00       0x80 build/obj/flash.o
 .text.flash_init
                0x08009a80       0x54 build/obj/flash.o
                0x08009a80                flash_init
 *fill*         0x08009ad4        0xc 00
 .text.flash_set_data_pool_last
                0x08009ae0        0xc build/obj/flash.o
                0x08009ae0                flash_set_data_pool_last
 *fill*         0x08009aec        0x4 00
 .text.flash_do_write_internal
                0x08009af0       0x68 build/obj/flash.o
                0x08009af0                flash_do_write_internal
 *fill*         0x08009b58        0x8 00
 .text.flash_do_write
                0x08009b60       0x22 build/obj/flash.o
                0x08009b60                flash_do_write
 *fill*         0x08009b82        0xe 00
 .text.flash_warning
                0x08009b90        0x2 build/obj/flash.o
                0x08009b90                flash_warning
 *fill*         0x08009b92        0xe 00
 .text.flash_do_release
                0x08009ba0       0x5c build/obj/flash.o
                0x08009ba0                flash_do_release
 *fill*         0x08009bfc        0x4 00
 .text.flash_key_alloc
                0x08009c00       0x20 build/obj/flash.o
                0x08009c00                flash_key_alloc
 .text.flash_key_write
                0x08009c20       0x52 build/obj/flash.o
                0x08009c20                flash_key_write
 *fill*         0x08009c72        0xe 00
 .text.flash_keystore_release
                0x08009c80       0x28 build/obj/flash.o
                0x08009c80                flash_keystore_release
 *fill*         0x08009ca8        0x8 00
 .text.flash_put_data_internal
                0x08009cb0        0x4 build/obj/flash.o
                0x08009cb0                flash_put_data_internal
 *fill*         0x08009cb4        0xc 00
 .text.flash_put_data
                0x08009cc0       0x14 build/obj/flash.o
                0x08009cc0                flash_put_data
 *fill*         0x08009cd4        0xc 00
 .text.flash_bool_clear
                0x08009ce0       0x14 build/obj/flash.o
                0x08009ce0                flash_bool_clear
 *fill*         0x08009cf4        0xc 00
 .text.flash_bool_write_internal
                0x08009d00        0x6 build/obj/flash.o
                0x08009d00                flash_bool_write_internal
 *fill*         0x08009d06        0xa 00
 .text.flash_bool_write
                0x08009d10       0x18 build/obj/flash.o
                0x08009d10                flash_bool_write
 *fill*         0x08009d28        0x8 00
 .text.flash_cnt123_get_value
                0x08009d30       0x16 build/obj/flash.o
                0x08009d30                flash_cnt123_get_value
 *fill*         0x08009d46        0xa 00
 .text.flash_cnt123_write_internal
                0x08009d50       0x30 build/obj/flash.o
                0x08009d50                flash_cnt123_write_internal
 .text.flash_cnt123_increment
                0x08009d80       0x3c build/obj/flash.o
                0x08009d80                flash_cnt123_increment
 *fill*         0x08009dbc        0x4 00
 .text.flash_cnt123_clear
                0x08009dc0       0x1e build/obj/flash.o
                0x08009dc0                flash_cnt123_clear
 *fill*         0x08009dde        0x2 00
 .text.flash_erase_binary
                0x08009de0       0x3c build/obj/flash.o
                0x08009de0                flash_erase_binary
 *fill*         0x08009e1c        0x4 00
 .text.flash_write_binary
                0x08009e20       0x98 build/obj/flash.o
                0x08009e20                flash_write_binary
 *fill*         0x08009eb8        0x8 00
 .text.random_init
                0x08009ec0       0x1c build/obj/random.o
                0x08009ec0                random_init
 *fill*         0x08009edc        0x4 00
 .text.random_bytes_get
                0x08009ee0       0x10 build/obj/random.o
                0x08009ee0                random_bytes_get
 .text.random_bytes_free
                0x08009ef0       0x18 build/obj/random.o
                0x08009ef0                random_bytes_free
 *fill*         0x08009f08        0x8 00
 .text.get_salt
                0x08009f10        0x6 build/obj/random.o
                0x08009f10                get_salt
 *fill*         0x08009f16        0xa 00
 .text.random_byte
                0x08009f20       0x28 build/obj/random.o
                0x08009f20                random_byte
 *fill*         0x08009f48        0x8 00
 .text.noise_source_error
                0x08009f50       0x4c build/obj/neug.o
 *fill*         0x08009f9c        0x4 00
 .text.noise_source_continuous_test
                0x08009fa0       0xe0 build/obj/neug.o
 .text.ep_fill_wbuf
                0x0800a080       0x40 build/obj/neug.o
 .text.ep_init  0x0800a0c0       0x5c build/obj/neug.o
 *fill*         0x0800a11c        0x4 00
 .text.rng      0x0800a120      0x1b4 build/obj/neug.o
 *fill*         0x0800a2d4        0xc 00
 .text.rb_del.constprop.2
                0x0800a2e0       0x50 build/obj/neug.o
 .text.neug_init
                0x0800a330       0x94 build/obj/neug.o
                0x0800a330                neug_init
 *fill*         0x0800a3c4        0xc 00
 .text.neug_flush
                0x0800a3d0       0x38 build/obj/neug.o
                0x0800a3d0                neug_flush
 *fill*         0x0800a408        0x8 00
 .text.neug_get
                0x0800a410       0x48 build/obj/neug.o
                0x0800a410                neug_get
 *fill*         0x0800a458        0x8 00
 .text.neug_wait_full
                0x0800a460       0x30 build/obj/neug.o
                0x0800a460                neug_wait_full
 .text.memcmp   0x0800a490       0x60 /home/gniibe/gcc-arm-none-eabi-4_6-2012q3/bin/../lib/gcc/arm-none-eabi/4.6.2/../../../../arm-none-eabi/lib/armv7-m/libc.a(lib_a-memcmp.o)
                0x0800a490                memcmp
 .text.memcpy   0x0800a4f0       0x84 /home/gniibe/gcc-arm-none-eabi-4_6-2012q3/bin/../lib/gcc/arm-none-eabi/4.6.2/../../../../arm-none-eabi/lib/armv7-m/libc.a(lib_a-memcpy.o)
                0x0800a4f0                memcpy
 *fill*         0x0800a574        0xc 00
 .text.memmove  0x0800a580       0xb0 /home/gniibe/gcc-arm-none-eabi-4_6-2012q3/bin/../lib/gcc/arm-none-eabi/4.6.2/../../../../arm-none-eabi/lib/armv7-m/libc.a(lib_a-memmove.o)
                0x0800a580                memmove
 .text.memset   0x0800a630       0x90 /home/gniibe/gcc-arm-none-eabi-4_6-2012q3/bin/../lib/gcc/arm-none-eabi/4.6.2/../../../../arm-none-eabi/lib/armv7-m/libc.a(lib_a-memset.o)
                0x0800a630                memset
 .text.strncmp  0x0800a6c0       0xa4 /home/gniibe/gcc-arm-none-eabi-4_6-2012q3/bin/../lib/gcc/arm-none-eabi/4.6.2/../../../../arm-none-eabi/lib/armv7-m/libc.a(lib_a-strncmp.o)
                0x0800a6c0                strncmp
 *(.rodata)
 *fill*         0x0800a764        0xc 00
 .rodata        0x0800a770       0x37 build/obj/rsa.o
 *fill*         0x0800a7a7        0x9 00
 .rodata        0x0800a7b0        0x7 build/obj/usb-icc.o
 *(.rodata.*)
 *fill*         0x0800a7b7        0x9 00
 .rodata.str1.1
                0x0800a7c0        0x5 build/obj/chsys.o
 *fill*         0x0800a7c5        0xb 00
 .rodata.str1.1
                0x0800a7d0        0xf build/obj/chschd.o
 *fill*         0x0800a7df        0x1 00
 .rodata.ch_debug
                0x0800a7e0       0x16 build/obj/chregistry.o
                0x0800a7e0                ch_debug
 *fill*         0x0800a7f6        0xa 00
 .rodata._stm32_dma_streams
                0x0800a800       0x54 build/obj/stm32_dma.o
                0x0800a800                _stm32_dma_streams
 *fill*         0x0800a854        0xc 00
 .rodata.pal_default_config
                0x0800a860       0x3c build/obj/board-common.o
                0x0800a860                pal_default_config
 *fill*         0x0800a89c        0x4 00
 .rodata.small_prime
                0x0800a8a0      0x2a0 build/obj/bignum.o
 .rodata.FSb    0x0800ab40      0x100 build/obj/aes.o
 .rodata.RT0    0x0800ac40      0x400 build/obj/aes.o
 .rodata.RT1    0x0800b040      0x400 build/obj/aes.o
 .rodata.RT2    0x0800b440      0x400 build/obj/aes.o
 .rodata.RT3    0x0800b840      0x400 build/obj/aes.o
 .rodata.RCON   0x0800bc40       0x28 build/obj/aes.o
 *fill*         0x0800bc68        0x8 00
 .rodata.FT3    0x0800bc70      0x400 build/obj/aes.o
 .rodata.RSb    0x0800c070      0x100 build/obj/aes.o
 .rodata.initial_state
                0x0800c170       0x20 build/obj/sha256.o
                0x0800c170                initial_state
 .rodata.k256   0x0800c190      0x100 build/obj/sha256.o
                0x0800c190                k256
 .rodata.ep_intr_handler_IN
                0x0800c290       0x1c build/obj/usb_stm32f103.o
                0x0800c290                ep_intr_handler_IN
 *fill*         0x0800c2ac        0x4 00
 .rodata.ep_intr_handler_OUT
                0x0800c2b0       0x1c build/obj/usb_stm32f103.o
                0x0800c2b0                ep_intr_handler_OUT
 *fill*         0x0800c2cc        0x4 00
 .rodata.std_request_handler
                0x0800c2d0       0x34 build/obj/usb_stm32f103.o
 *fill*         0x0800c304        0xc 00
 .rodata.gnukStringSerial
                0x0800c310       0x28 build/obj/usb_desc.o
                0x0800c310                gnukStringSerial
 *fill*         0x0800c338        0x8 00
 .rodata.gnukStringLangID
                0x0800c340        0x4 build/obj/usb_desc.o
 *fill*         0x0800c344        0xc 00
 .rodata.Device_Descriptor
                0x0800c350        0x8 build/obj/usb_desc.o
                0x0800c350                Device_Descriptor
 *fill*         0x0800c358        0x8 00
 .rodata.gnukStringProduct
                0x0800c360       0x16 build/obj/usb_desc.o
 *fill*         0x0800c376        0xa 00
 .rodata.gnukDeviceDescriptor
                0x0800c380       0x12 build/obj/usb_desc.o
 *fill*         0x0800c392        0xe 00
 .rodata.String_Descriptors
                0x0800c3a0       0x38 build/obj/usb_desc.o
                0x0800c3a0                String_Descriptors
 *fill*         0x0800c3d8        0x8 00
 .rodata.gnuk_revision_detail
                0x0800c3e0       0x46 build/obj/usb_desc.o
 *fill*         0x0800c426        0xa 00
 .rodata.Config_Descriptor
                0x0800c430        0x8 build/obj/usb_desc.o
                0x0800c430                Config_Descriptor
 *fill*         0x0800c438        0x8 00
 .rodata.gnukStringVendor
                0x0800c440       0x44 build/obj/usb_desc.o
 *fill*         0x0800c484        0xc 00
 .rodata.gnukConfigDescriptor
                0x0800c490       0x56 build/obj/usb_desc.o
 *fill*         0x0800c4e6        0xa 00
 .rodata.gnuk_config_options
                0x0800c4f0       0x80 build/obj/usb_desc.o
 .rodata.Device_Method
                0x0800c570       0x18 build/obj/usb_ctrl.o
                0x0800c570                Device_Method
 *fill*         0x0800c588        0x8 00
 .rodata.mem_info
                0x0800c590        0x8 build/obj/usb_ctrl.o
 *fill*         0x0800c598        0x8 00
 .rodata.data_rate_table
                0x0800c5a0        0x4 build/obj/usb_ctrl.o
 *fill*         0x0800c5a4        0xc 00
 .rodata.freq_table
                0x0800c5b0        0x4 build/obj/usb_ctrl.o
 *fill*         0x0800c5b4        0xc 00
 .rodata.ATR    0x0800c5c0       0x15 build/obj/usb-icc.o
 *fill*         0x0800c5d5        0xb 00
 .rodata.select_file_TOP_result
                0x0800c5e0       0x14 build/obj/openpgp.o
 *fill*         0x0800c5f4        0xc 00
 .rodata.str1.1
                0x0800c600       0x1a build/obj/openpgp.o
 *fill*         0x0800c61a        0x6 00
 .rodata.cmds   0x0800c620       0x78 build/obj/openpgp.o
                0x0800c620                cmds
 *fill*         0x0800c698        0x8 00
 .rodata.str1.1
                0x0800c6a0        0x7 build/obj/ac.o
                                 0x10 (size before relaxing)
 *fill*         0x0800c6a7        0x9 00
 .rodata.cmp_app_data
                0x0800c6b0       0x16 build/obj/openpgp-do.o
 *fill*         0x0800c6c6        0xa 00
 .rodata.gpg_do_table
                0x0800c6d0      0x168 build/obj/openpgp-do.o
 *fill*         0x0800c838        0x8 00
 .rodata.extended_capabilities
                0x0800c840        0xb build/obj/openpgp-do.o
 *fill*         0x0800c84b        0x5 00
 .rodata.cmp_ch_data
                0x0800c850        0x8 build/obj/openpgp-do.o
 *fill*         0x0800c858        0x8 00
 .rodata.historical_bytes
                0x0800c860        0xb build/obj/openpgp-do.o
 *fill*         0x0800c86b        0x5 00
 .rodata.algorithm_attr
                0x0800c870        0x7 build/obj/openpgp-do.o
 *fill*         0x0800c877        0x9 00
 .rodata.str1.1
                0x0800c880        0xf build/obj/openpgp-do.o
                                 0x16 (size before relaxing)
 *fill*         0x0800c88f        0x1 00
 .rodata.CSWTCH.74
                0x0800c890        0x2 build/obj/openpgp-do.o
 *fill*         0x0800c892        0xe 00
 .rodata.openpgpcard_aid
                0x0800c8a0        0xe build/obj/openpgp-do.o
                0x0800c8a0                openpgpcard_aid
 *fill*         0x0800c8ae        0x2 00
 .rodata.cmp_ss_temp
                0x0800c8b0        0x4 build/obj/openpgp-do.o
 *(.glue_7t)
 .glue_7t       0x00000000        0x0 linker stubs
 *(.glue_7)
 .glue_7        0x00000000        0x0 linker stubs
 *(.gcc*)

.vfp11_veneer   0x0800c8b4        0x0
 .vfp11_veneer  0x00000000        0x0 linker stubs

.v4_bx          0x0800c8b4        0x0
 .v4_bx         0x00000000        0x0 linker stubs

.ARM.extab
 *(.ARM.extab* .gnu.linkonce.armextab.*)

.ARM.exidx      0x0800c8b4        0x0
                0x0800c8b4                PROVIDE (__exidx_start, .)
 *(.ARM.exidx* .gnu.linkonce.armexidx.*)
                0x0800c8b4                PROVIDE (__exidx_end, .)

.eh_frame_hdr
 *(.eh_frame_hdr)

.eh_frame
 *(.eh_frame)

.textalign      0x0800c8b4        0x4
                0x0800c8b8                . = ALIGN (0x8)
 *fill*         0x0800c8b4        0x4 00
                0x0800c8b8                _etext = .
                0x0800c8b8                _textdata = _etext

.stacks         0x20000000      0x600
                0x20000000                . = ALIGN (0x8)
                0x20000000                __main_stack_base__ = .
                0x20000400                . = (. + __main_stack_size__)
 *fill*         0x20000000      0x400 00
                0x20000400                . = ALIGN (0x8)
                0x20000400                __main_stack_end__ = .
                0x20000400                __process_stack_base__ = .
                0x20000400                __main_thread_stack_base__ = .
                0x20000600                . = (. + __process_stack_size__)
 *fill*         0x20000400      0x200 00
                0x20000600                . = ALIGN (0x8)
                0x20000600                __process_stack_end__ = .
                0x20000600                __main_thread_stack_end__ = .

.data           0x20000600        0x0 load address 0x0800c8b8
                0x20000600                . = ALIGN (0x4)
                0x20000600                PROVIDE (_data, .)
 *(.data)
                0x20000600                . = ALIGN (0x4)
 *(.data.*)
                0x20000600                . = ALIGN (0x4)
 *(.ramtext)
                0x20000600                . = ALIGN (0x4)
                0x20000600                PROVIDE (_edata, .)

.bss            0x20000600     0x1448 load address 0x0800c8b8
                0x20000600                . = ALIGN (0x4)
                0x20000600                PROVIDE (_bss_start, .)
 *(.bss)
                0x20000600                . = ALIGN (0x4)
 *(.bss.*)
 .bss.mainthread.4557
                0x20000600       0x38 build/obj/chsys.o
 .bss._idle_thread_wa
                0x20000638       0xb0 build/obj/chsys.o
                0x20000638                _idle_thread_wa
 .bss.dbg_panic_msg
                0x200006e8        0x4 build/obj/chdebug.o
                0x200006e8                dbg_panic_msg
 .bss.vtlist    0x200006ec       0x10 build/obj/chvt.o
                0x200006ec                vtlist
 .bss.rlist     0x200006fc       0x20 build/obj/chschd.o
                0x200006fc                rlist
 .bss.endmem    0x2000071c        0x4 build/obj/chmemcore.o
 .bss.nextmem   0x20000720        0x4 build/obj/chmemcore.o
 *fill*         0x20000724        0x4 00
 .bss.default_heap
                0x20000728       0x20 build/obj/chheap.o
 .bss.dma_isr_redir
                0x20000748       0x38 build/obj/stm32_dma.o
 .bss.dma_streams_mask
                0x20000780        0x4 build/obj/stm32_dma.o
 .bss.rsa_ctx   0x20000784       0x94 build/obj/call-rsa.o
 .bss.main_thread
                0x20000818        0x4 build/obj/main.o
 .bss.led_inverted
                0x2000081c        0x1 build/obj/main.o
 .bss.fatal_code
                0x2000081d        0x1 build/obj/main.o
 *fill*         0x2000081e        0x2 00
 .bss.waUSBthread
                0x20000820      0x120 build/obj/main.o
 .bss.data_info
                0x20000940        0xc build/obj/usb_stm32f103.o
 .bss.control_info
                0x2000094c        0x8 build/obj/usb_stm32f103.o
 .bss.device_info
                0x20000954        0x3 build/obj/usb_stm32f103.o
 *fill*         0x20000957        0x1 00
 .bss.status_info.5973
                0x20000958        0x2 build/obj/usb_stm32f103.o
 *fill*         0x2000095a        0x2 00
 .bss.adc_size  0x2000095c        0x4 build/obj/adc_stm32f103.o
 .bss.adc_mode  0x20000960        0x4 build/obj/adc_stm32f103.o
 .bss.adc_ptr   0x20000964        0x4 build/obj/adc_stm32f103.o
 .bss.bDeviceState
                0x20000968        0x4 build/obj/usb_ctrl.o
                0x20000968                bDeviceState
 .bss.zero.6036
                0x2000096c        0x1 build/obj/usb_ctrl.o
 *fill*         0x2000096d        0x3 00
 .bss.icc_state_p
                0x20000970        0x4 build/obj/usb-icc.o
                0x20000970                icc_state_p
 .bss.endpoint_out
                0x20000974       0x20 build/obj/usb-icc.o
 .bss.apdu      0x20000994       0x1c build/obj/usb-icc.o
                0x20000994                apdu
 .bss.ccid      0x200009b0       0x34 build/obj/usb-icc.o
 .bss.icc_buffer
                0x200009e4      0x11f build/obj/usb-icc.o
 *fill*         0x20000b03        0x1 00
 .bss.endpoint_in
                0x20000b04       0x1c build/obj/usb-icc.o
 .bss.waGPGthread
                0x20000b20      0x8a0 build/obj/usb-icc.o
 .bss.challenge
                0x200013c0        0x4 build/obj/openpgp.o
 .bss.file_selection
                0x200013c4        0x1 build/obj/openpgp.o
 .bss.auth_status
                0x200013c5        0x1 build/obj/ac.o
                0x200013c5                auth_status
 .bss.keystring_md_pw3
                0x200013c6       0x20 build/obj/ac.o
                0x200013c6                keystring_md_pw3
 .bss.admin_authorized
                0x200013e6        0x1 build/obj/ac.o
                0x200013e6                admin_authorized
 *fill*         0x200013e7        0x1 00
 .bss.res_p     0x200013e8        0x4 build/obj/openpgp-do.o
 .bss.do_ptr    0x200013ec       0x54 build/obj/openpgp-do.o
 .bss.data_objects_number_of_bytes
                0x20001440        0x2 build/obj/openpgp-do.o
                0x20001440                data_objects_number_of_bytes
 .bss.kd        0x20001442      0x300 build/obj/openpgp-do.o
                0x20001442                kd
 *fill*         0x20001742        0x2 00
 .bss.digital_signature_counter
                0x20001744        0x4 build/obj/openpgp-do.o
 .bss.num_prv_keys
                0x20001748        0x1 build/obj/openpgp-do.o
 *fill*         0x20001749        0x3 00
 .bss.pw_err_counter_p
                0x2000174c        0xc build/obj/openpgp-do.o
 .bss.pw1_lifetime_p
                0x20001758        0x4 build/obj/openpgp-do.o
 .bss.keystore  0x2000175c        0x4 build/obj/flash.o
 .bss.data_pool
                0x20001760        0x4 build/obj/flash.o
 .bss.last_p    0x20001764        0x4 build/obj/flash.o
 .bss.random_word
                0x20001768       0x20 build/obj/random.o
 .bss.the_ring_buffer
                0x20001788       0x28 build/obj/neug.o
 .bss.neug_err_cnt_rc
                0x200017b0        0x2 build/obj/neug.o
                0x200017b0                neug_err_cnt_rc
 .bss.neug_rc_max
                0x200017b2        0x2 build/obj/neug.o
                0x200017b2                neug_rc_max
 .bss.neug_mode
                0x200017b4        0x1 build/obj/neug.o
                0x200017b4                neug_mode
 *fill*         0x200017b5        0x1 00
 .bss.neug_err_cnt_p64
                0x200017b6        0x2 build/obj/neug.o
                0x200017b6                neug_err_cnt_p64
 .bss.ap64t_b   0x200017b8        0x1 build/obj/neug.o
 *fill*         0x200017b9        0x1 00
 .bss.ap4096t_s
                0x200017ba        0x2 build/obj/neug.o
 .bss.neug_err_state
                0x200017bc        0x1 build/obj/neug.o
                0x200017bc                neug_err_state
 .bss.rct_a     0x200017bd        0x1 build/obj/neug.o
 .bss.rct_b     0x200017be        0x1 build/obj/neug.o
 *fill*         0x200017bf        0x1 00
 .bss.neug_p64_max
                0x200017c0        0x2 build/obj/neug.o
                0x200017c0                neug_p64_max
 .bss.ap64t_s   0x200017c2        0x1 build/obj/neug.o
 .bss.ap64t_a   0x200017c3        0x1 build/obj/neug.o
 .bss.neug_err_cnt_p4k
                0x200017c4        0x2 build/obj/neug.o
                0x200017c4                neug_err_cnt_p4k
 *fill*         0x200017c6        0x2 00
 .bss.sha256_output
                0x200017c8       0x20 build/obj/neug.o
 .bss.adc_buf   0x200017e8       0x40 build/obj/neug.o
 .bss.ap4096t_a
                0x20001828        0x1 build/obj/neug.o
 *fill*         0x20001829        0x1 00
 .bss.neug_err_cnt
                0x2000182a        0x2 build/obj/neug.o
                0x2000182a                neug_err_cnt
 .bss.ap4096t_b
                0x2000182c        0x2 build/obj/neug.o
 *fill*         0x2000182e        0x2 00
 .bss.rng_thread
                0x20001830        0x4 build/obj/neug.o
                0x20001830                rng_thread
 .bss.ep_round  0x20001834        0x1 build/obj/neug.o
 *fill*         0x20001835        0x3 00
 .bss.sha256_ctx_data
                0x20001838       0x68 build/obj/neug.o
 .bss.neug_p4k_max
                0x200018a0        0x2 build/obj/neug.o
                0x200018a0                neug_p4k_max
 *fill*         0x200018a2        0x6 00
 .bss.wa_rng    0x200018a8      0x1a0 build/obj/neug.o
                0x20001a48                . = ALIGN (0x4)
 *(COMMON)
                0x20001a48                . = ALIGN (0x4)
                0x20001a48                PROVIDE (_bss_end, .)
                0x20001a48                PROVIDE (end, .)
                0x20001a48                _end = .
                0x20001c00                . = ALIGN (0x200)
                0x20001c00                _regnual_start = .

.gnuk_ch_certificate
                0x0800c8b8      0xb48
                0x0800cc00                . = ALIGN (0x400)
 *fill*         0x0800c8b8      0x348 ffffffff
                0x0800cc00                ch_certificate_start = .
                0x0800cc00        0x4 LONG 0xffffffff
                0x0800d384                . = (. + 0x780)
 *fill*         0x0800cc04      0x780 ffffffff
                0x0800d400                . = ALIGN (0x400)
 *fill*         0x0800d384       0x7c ffffffff

.gnuk_flash     0x0800d400     0x1400
                0x0800d400                . = ALIGN (0x400)
                0x0800d400                _data_pool = .
 *(.gnuk_data)
 .gnuk_data     0x0800d400        0x4 build/obj/flash.o
                0x0800d400                flash_data
                0x0800d800                . = ALIGN (0x400)
 *fill*         0x0800d404      0x3fc ffffffff
                0x0800dc00                . = (. + 0x400)
 *fill*         0x0800d800      0x400 ffffffff
                0x0800dc00                _keystore_pool = .
                0x0800e200                . = (. + 0x600)
 *fill*         0x0800dc00      0x600 ffffffff
                0x0800e400                . = ALIGN (0x400)
 *fill*         0x0800e200      0x200 ffffffff
                0x0800e400                _updatekey_store = .
                0x0800e800                . = (. + 0x400)
 *fill*         0x0800e400      0x400 ffffffff
                0x0800e800                . = ALIGN (0x400)
                0x20001a48                __heap_base__ = _end
                0x20005000                __heap_end__ = __ram_end__
OUTPUT(build/gnuk.elf elf32-littlearm)

.debug_info     0x00000000    0x1a366
 .debug_info    0x00000000      0x34d build/obj/crt0.o
 .debug_info    0x0000034d      0x1ed build/obj/vectors.o
 .debug_info    0x0000053a       0x8b build/obj/chcore.o
 .debug_info    0x000005c5      0x7ce build/obj/chcore_v7m.o
 .debug_info    0x00000d93      0x437 build/obj/nvic.o
 .debug_info    0x000011ca      0x78a build/obj/chsys.o
 .debug_info    0x00001954       0xc7 build/obj/chdebug.o
 .debug_info    0x00001a1b       0x73 build/obj/chlists.o
 .debug_info    0x00001a8e      0x276 build/obj/chvt.o
 .debug_info    0x00001d04      0x781 build/obj/chschd.o
 .debug_info    0x00002485      0xa81 build/obj/chthreads.o
 .debug_info    0x00002f06      0x60c build/obj/chdynamic.o
 .debug_info    0x00003512      0x64b build/obj/chregistry.o
 .debug_info    0x00003b5d      0x8e4 build/obj/chsem.o
 .debug_info    0x00004441      0x8ac build/obj/chmtx.o
 .debug_info    0x00004ced      0x825 build/obj/chcond.o
 .debug_info    0x00005512      0xc1a build/obj/chevents.o
 .debug_info    0x0000612c       0x73 build/obj/chmsg.o
 .debug_info    0x0000619f       0x73 build/obj/chmboxes.o
 .debug_info    0x00006212       0x73 build/obj/chqueues.o
 .debug_info    0x00006285      0x1db build/obj/chmemcore.o
 .debug_info    0x00006460      0x606 build/obj/chheap.o
 .debug_info    0x00006a66       0x73 build/obj/chmempools.o
 .debug_info    0x00006ad9      0x2ae build/obj/hal.o
 .debug_info    0x00006d87       0x9f build/obj/adc.o
 .debug_info    0x00006e26       0x9f build/obj/can.o
 .debug_info    0x00006ec5       0x9f build/obj/ext.o
 .debug_info    0x00006f64       0x9f build/obj/gpt.o
 .debug_info    0x00007003       0x9f build/obj/i2c.o
 .debug_info    0x000070a2       0x9f build/obj/icu.o
 .debug_info    0x00007141       0x9f build/obj/mac.o
 .debug_info    0x000071e0      0x241 build/obj/pal.o
 .debug_info    0x00007421       0x9f build/obj/pwm.o
 .debug_info    0x000074c0       0x9f build/obj/sdc.o
 .debug_info    0x0000755f       0x9f build/obj/serial.o
 .debug_info    0x000075fe       0x9f build/obj/spi.o
 .debug_info    0x0000769d       0x9f build/obj/uart.o
 .debug_info    0x0000773c       0x9f build/obj/usb.o
 .debug_info    0x000077db       0x9f build/obj/tm.o
 .debug_info    0x0000787a       0x9f build/obj/mmc_spi.o
 .debug_info    0x00007919       0x9f build/obj/serial_usb.o
 .debug_info    0x000079b8       0x9f build/obj/rtc.o
 .debug_info    0x00007a57      0x647 build/obj/stm32_dma.o
 .debug_info    0x0000809e      0x3b1 build/obj/hal_lld.o
 .debug_info    0x0000844f       0x9f build/obj/adc_lld.o
 .debug_info    0x000084ee       0x9f build/obj/can_lld.o
 .debug_info    0x0000858d       0x9f build/obj/ext_lld.o
 .debug_info    0x0000862c       0x9f build/obj/gpt_lld.o
 .debug_info    0x000086cb       0x9f build/obj/i2c_lld.o
 .debug_info    0x0000876a       0x9f build/obj/icu_lld.o
 .debug_info    0x00008809       0x9f build/obj/mac_lld.o
 .debug_info    0x000088a8       0x9f build/obj/pwm_lld.o
 .debug_info    0x00008947       0x9f build/obj/serial_lld.o
 .debug_info    0x000089e6       0x9f build/obj/sdc_lld.o
 .debug_info    0x00008a85       0x9f build/obj/spi_lld.o
 .debug_info    0x00008b24       0x9f build/obj/uart_lld.o
 .debug_info    0x00008bc3      0x397 build/obj/pal_lld.o
 .debug_info    0x00008f5a       0x9f build/obj/usb_lld.o
 .debug_info    0x00008ff9       0x9f build/obj/rtc_lld.o
 .debug_info    0x00009098      0x1b3 build/obj/board-common.o
 .debug_info    0x0000924b      0x13d build/obj/board.o
 .debug_info    0x00009388      0x5be build/obj/evtimer.o
 .debug_info    0x00009946      0xcbb build/obj/syscalls.o
 .debug_info    0x0000a601     0x1892 build/obj/bignum.o
 .debug_info    0x0000be93      0x72c build/obj/rsa.o
 .debug_info    0x0000c5bf      0x4b8 build/obj/aes.o
 .debug_info    0x0000ca77      0x31a build/obj/sha256.o
 .debug_info    0x0000cd91      0x53b build/obj/call-rsa.o
 .debug_info    0x0000d2cc      0xbe1 build/obj/main.o
 .debug_info    0x0000dead     0x2287 build/obj/usb_stm32f103.o
 .debug_info    0x00010134      0x93b build/obj/adc_stm32f103.o
 .debug_info    0x00010a6f      0x2c6 build/obj/usb_desc.o
 .debug_info    0x00010d35      0xb9e build/obj/usb_ctrl.o
 .debug_info    0x000118d3     0x1492 build/obj/usb-icc.o
 .debug_info    0x00012d65     0x17d3 build/obj/openpgp.o
 .debug_info    0x00014538      0x65f build/obj/ac.o
 .debug_info    0x00014b97     0x18d1 build/obj/openpgp-do.o
 .debug_info    0x00016468      0xb44 build/obj/flash.o
 .debug_info    0x00016fac      0x683 build/obj/bn.o
 .debug_info    0x0001762f      0x44c build/obj/modp256.o
 .debug_info    0x00017a7b      0x2f7 build/obj/jpc.o
 .debug_info    0x00017d72      0x295 build/obj/mod.o
 .debug_info    0x00018007      0x5ce build/obj/ec_p256.o
 .debug_info    0x000185d5      0x1ad build/obj/random.o
 .debug_info    0x00018782     0x101c build/obj/neug.o
 .debug_info    0x0001979e      0xbc8 build/obj/sys.o

.debug_abbrev   0x00000000     0x69fe
 .debug_abbrev  0x00000000       0xd2 build/obj/crt0.o
 .debug_abbrev  0x000000d2       0xae build/obj/vectors.o
 .debug_abbrev  0x00000180       0x41 build/obj/chcore.o
 .debug_abbrev  0x000001c1      0x1ba build/obj/chcore_v7m.o
 .debug_abbrev  0x0000037b       0xfb build/obj/nvic.o
 .debug_abbrev  0x00000476      0x17c build/obj/chsys.o
 .debug_abbrev  0x000005f2       0x7d build/obj/chdebug.o
 .debug_abbrev  0x0000066f       0x2a build/obj/chlists.o
 .debug_abbrev  0x00000699      0x13d build/obj/chvt.o
 .debug_abbrev  0x000007d6      0x270 build/obj/chschd.o
 .debug_abbrev  0x00000a46      0x298 build/obj/chthreads.o
 .debug_abbrev  0x00000cde      0x19d build/obj/chdynamic.o
 .debug_abbrev  0x00000e7b      0x15a build/obj/chregistry.o
 .debug_abbrev  0x00000fd5      0x289 build/obj/chsem.o
 .debug_abbrev  0x0000125e      0x27e build/obj/chmtx.o
 .debug_abbrev  0x000014dc      0x23a build/obj/chcond.o
 .debug_abbrev  0x00001716      0x23f build/obj/chevents.o
 .debug_abbrev  0x00001955       0x2a build/obj/chmsg.o
 .debug_abbrev  0x0000197f       0x2a build/obj/chmboxes.o
 .debug_abbrev  0x000019a9       0x2a build/obj/chqueues.o
 .debug_abbrev  0x000019d3      0x118 build/obj/chmemcore.o
 .debug_abbrev  0x00001aeb      0x1a6 build/obj/chheap.o
 .debug_abbrev  0x00001c91       0x2a build/obj/chmempools.o
 .debug_abbrev  0x00001cbb      0x12d build/obj/hal.o
 .debug_abbrev  0x00001de8       0x4f build/obj/adc.o
 .debug_abbrev  0x00001e37       0x4f build/obj/can.o
 .debug_abbrev  0x00001e86       0x4f build/obj/ext.o
 .debug_abbrev  0x00001ed5       0x4f build/obj/gpt.o
 .debug_abbrev  0x00001f24       0x4f build/obj/i2c.o
 .debug_abbrev  0x00001f73       0x4f build/obj/icu.o
 .debug_abbrev  0x00001fc2       0x4f build/obj/mac.o
 .debug_abbrev  0x00002011      0x122 build/obj/pal.o
 .debug_abbrev  0x00002133       0x4f build/obj/pwm.o
 .debug_abbrev  0x00002182       0x4f build/obj/sdc.o
 .debug_abbrev  0x000021d1       0x4f build/obj/serial.o
 .debug_abbrev  0x00002220       0x4f build/obj/spi.o
 .debug_abbrev  0x0000226f       0x4f build/obj/uart.o
 .debug_abbrev  0x000022be       0x4f build/obj/usb.o
 .debug_abbrev  0x0000230d       0x4f build/obj/tm.o
 .debug_abbrev  0x0000235c       0x4f build/obj/mmc_spi.o
 .debug_abbrev  0x000023ab       0x4f build/obj/serial_usb.o
 .debug_abbrev  0x000023fa       0x4f build/obj/rtc.o
 .debug_abbrev  0x00002449      0x18a build/obj/stm32_dma.o
 .debug_abbrev  0x000025d3       0xf6 build/obj/hal_lld.o
 .debug_abbrev  0x000026c9       0x4f build/obj/adc_lld.o
 .debug_abbrev  0x00002718       0x4f build/obj/can_lld.o
 .debug_abbrev  0x00002767       0x4f build/obj/ext_lld.o
 .debug_abbrev  0x000027b6       0x4f build/obj/gpt_lld.o
 .debug_abbrev  0x00002805       0x4f build/obj/i2c_lld.o
 .debug_abbrev  0x00002854       0x4f build/obj/icu_lld.o
 .debug_abbrev  0x000028a3       0x4f build/obj/mac_lld.o
 .debug_abbrev  0x000028f2       0x4f build/obj/pwm_lld.o
 .debug_abbrev  0x00002941       0x4f build/obj/serial_lld.o
 .debug_abbrev  0x00002990       0x4f build/obj/sdc_lld.o
 .debug_abbrev  0x000029df       0x4f build/obj/spi_lld.o
 .debug_abbrev  0x00002a2e       0x4f build/obj/uart_lld.o
 .debug_abbrev  0x00002a7d      0x14f build/obj/pal_lld.o
 .debug_abbrev  0x00002bcc       0x4f build/obj/usb_lld.o
 .debug_abbrev  0x00002c1b       0x4f build/obj/rtc_lld.o
 .debug_abbrev  0x00002c6a       0xda build/obj/board-common.o
 .debug_abbrev  0x00002d44       0xa1 build/obj/board.o
 .debug_abbrev  0x00002de5      0x145 build/obj/evtimer.o
 .debug_abbrev  0x00002f2a      0x1dc build/obj/syscalls.o
 .debug_abbrev  0x00003106      0x34c build/obj/bignum.o
 .debug_abbrev  0x00003452      0x216 build/obj/rsa.o
 .debug_abbrev  0x00003668      0x106 build/obj/aes.o
 .debug_abbrev  0x0000376e      0x11f build/obj/sha256.o
 .debug_abbrev  0x0000388d      0x14c build/obj/call-rsa.o
 .debug_abbrev  0x000039d9      0x374 build/obj/main.o
 .debug_abbrev  0x00003d4d      0x418 build/obj/usb_stm32f103.o
 .debug_abbrev  0x00004165      0x283 build/obj/adc_stm32f103.o
 .debug_abbrev  0x000043e8       0xc0 build/obj/usb_desc.o
 .debug_abbrev  0x000044a8      0x31b build/obj/usb_ctrl.o
 .debug_abbrev  0x000047c3      0x3a4 build/obj/usb-icc.o
 .debug_abbrev  0x00004b67      0x475 build/obj/openpgp.o
 .debug_abbrev  0x00004fdc      0x304 build/obj/ac.o
 .debug_abbrev  0x000052e0      0x47a build/obj/openpgp-do.o
 .debug_abbrev  0x0000575a      0x32d build/obj/flash.o
 .debug_abbrev  0x00005a87      0x198 build/obj/bn.o
 .debug_abbrev  0x00005c1f      0x1b8 build/obj/modp256.o
 .debug_abbrev  0x00005dd7      0x12c build/obj/jpc.o
 .debug_abbrev  0x00005f03      0x104 build/obj/mod.o
 .debug_abbrev  0x00006007      0x23e build/obj/ec_p256.o
 .debug_abbrev  0x00006245      0x10b build/obj/random.o
 .debug_abbrev  0x00006350      0x419 build/obj/neug.o
 .debug_abbrev  0x00006769      0x295 build/obj/sys.o

.debug_loc      0x00000000     0xfee4
 .debug_loc     0x00000000       0xa2 build/obj/crt0.o
 .debug_loc     0x000000a2       0xd4 build/obj/chcore_v7m.o
 .debug_loc     0x00000176      0x102 build/obj/nvic.o
 .debug_loc     0x00000278       0x86 build/obj/chsys.o
 .debug_loc     0x000002fe       0x13 build/obj/chdebug.o
 .debug_loc     0x00000311       0xa4 build/obj/chvt.o
 .debug_loc     0x000003b5      0x20d build/obj/chschd.o
 .debug_loc     0x000005c2      0x499 build/obj/chthreads.o
 .debug_loc     0x00000a5b      0x198 build/obj/chdynamic.o
 .debug_loc     0x00000bf3       0xbd build/obj/chregistry.o
 .debug_loc     0x00000cb0      0x43e build/obj/chsem.o
 .debug_loc     0x000010ee      0x3d1 build/obj/chmtx.o
 .debug_loc     0x000014bf      0x3ce build/obj/chcond.o
 .debug_loc     0x0000188d      0x739 build/obj/chevents.o
 .debug_loc     0x00001fc6       0x84 build/obj/chmemcore.o
 .debug_loc     0x0000204a      0x28b build/obj/chheap.o
 .debug_loc     0x000022d5       0x7c build/obj/hal.o
 .debug_loc     0x00002351       0x77 build/obj/pal.o
 .debug_loc     0x000023c8      0x2a3 build/obj/stm32_dma.o
 .debug_loc     0x0000266b       0xd6 build/obj/pal_lld.o
 .debug_loc     0x00002741       0xf0 build/obj/evtimer.o
 .debug_loc     0x00002831      0x145 build/obj/syscalls.o
 .debug_loc     0x00002976     0x2914 build/obj/bignum.o
 .debug_loc     0x0000528a      0xb26 build/obj/rsa.o
 .debug_loc     0x00005db0      0x87d build/obj/aes.o
 .debug_loc     0x0000662d      0xd27 build/obj/sha256.o
 .debug_loc     0x00007354      0x38f build/obj/call-rsa.o
 .debug_loc     0x000076e3      0x2ef build/obj/main.o
 .debug_loc     0x000079d2     0x1605 build/obj/usb_stm32f103.o
 .debug_loc     0x00008fd7      0x14e build/obj/adc_stm32f103.o
 .debug_loc     0x00009125      0x653 build/obj/usb_ctrl.o
 .debug_loc     0x00009778      0x8af build/obj/usb-icc.o
 .debug_loc     0x0000a027     0x12ef build/obj/openpgp.o
 .debug_loc     0x0000b316      0x669 build/obj/ac.o
 .debug_loc     0x0000b97f     0x19d7 build/obj/openpgp-do.o
 .debug_loc     0x0000d356      0xa40 build/obj/flash.o
 .debug_loc     0x0000dd96      0x9c5 build/obj/bn.o
 .debug_loc     0x0000e75b      0x39f build/obj/modp256.o
 .debug_loc     0x0000eafa      0x1e8 build/obj/jpc.o
 .debug_loc     0x0000ece2      0x2cf build/obj/mod.o
 .debug_loc     0x0000efb1      0x477 build/obj/ec_p256.o
 .debug_loc     0x0000f428      0x118 build/obj/random.o
 .debug_loc     0x0000f540      0x6ed build/obj/neug.o
 .debug_loc     0x0000fc2d      0x2b7 build/obj/sys.o

.debug_aranges  0x00000000     0x11e8
 .debug_aranges
                0x00000000       0x38 build/obj/crt0.o
 .debug_aranges
                0x00000038       0x20 build/obj/vectors.o
 .debug_aranges
                0x00000058       0x20 build/obj/chcore.o
 .debug_aranges
                0x00000078       0x50 build/obj/chcore_v7m.o
 .debug_aranges
                0x000000c8       0x30 build/obj/nvic.o
 .debug_aranges
                0x000000f8       0x30 build/obj/chsys.o
 .debug_aranges
                0x00000128       0x20 build/obj/chdebug.o
 .debug_aranges
                0x00000148       0x38 build/obj/chvt.o
 .debug_aranges
                0x00000180       0x58 build/obj/chschd.o
 .debug_aranges
                0x000001d8       0x78 build/obj/chthreads.o
 .debug_aranges
                0x00000250       0x30 build/obj/chdynamic.o
 .debug_aranges
                0x00000280       0x28 build/obj/chregistry.o
 .debug_aranges
                0x000002a8       0x68 build/obj/chsem.o
 .debug_aranges
                0x00000310       0x60 build/obj/chmtx.o
 .debug_aranges
                0x00000370       0x68 build/obj/chcond.o
 .debug_aranges
                0x000003d8       0x90 build/obj/chevents.o
 .debug_aranges
                0x00000468       0x38 build/obj/chmemcore.o
 .debug_aranges
                0x000004a0       0x40 build/obj/chheap.o
 .debug_aranges
                0x000004e0       0x30 build/obj/hal.o
 .debug_aranges
                0x00000510       0x30 build/obj/pal.o
 .debug_aranges
                0x00000540       0x68 build/obj/stm32_dma.o
 .debug_aranges
                0x000005a8       0x28 build/obj/hal_lld.o
 .debug_aranges
                0x000005d0       0x28 build/obj/pal_lld.o
 .debug_aranges
                0x000005f8       0x28 build/obj/board-common.o
 .debug_aranges
                0x00000620       0x20 build/obj/board.o
 .debug_aranges
                0x00000640       0x30 build/obj/evtimer.o
 .debug_aranges
                0x00000670       0x50 build/obj/syscalls.o
 .debug_aranges
                0x000006c0      0x138 build/obj/bignum.o
 .debug_aranges
                0x000007f8       0x60 build/obj/rsa.o
 .debug_aranges
                0x00000858       0x38 build/obj/aes.o
 .debug_aranges
                0x00000890       0x48 build/obj/sha256.o
 .debug_aranges
                0x000008d8       0x48 build/obj/call-rsa.o
 .debug_aranges
                0x00000920       0x48 build/obj/main.o
 .debug_aranges
                0x00000968      0x140 build/obj/usb_stm32f103.o
 .debug_aranges
                0x00000aa8       0x48 build/obj/adc_stm32f103.o
 .debug_aranges
                0x00000af0       0x58 build/obj/usb_ctrl.o
 .debug_aranges
                0x00000b48       0xd0 build/obj/usb-icc.o
 .debug_aranges
                0x00000c18       0xb8 build/obj/openpgp.o
 .debug_aranges
                0x00000cd0       0x78 build/obj/ac.o
 .debug_aranges
                0x00000d48      0x120 build/obj/openpgp-do.o
 .debug_aranges
                0x00000e68       0xd0 build/obj/flash.o
 .debug_aranges
                0x00000f38       0x70 build/obj/bn.o
 .debug_aranges
                0x00000fa8       0x50 build/obj/modp256.o
 .debug_aranges
                0x00000ff8       0x38 build/obj/jpc.o
 .debug_aranges
                0x00001030       0x28 build/obj/mod.o
 .debug_aranges
                0x00001058       0x40 build/obj/ec_p256.o
 .debug_aranges
                0x00001098       0x40 build/obj/random.o
 .debug_aranges
                0x000010d8       0x90 build/obj/neug.o
 .debug_aranges
                0x00001168       0x80 build/obj/sys.o

.debug_ranges   0x00000000     0x1db8
 .debug_ranges  0x00000000       0x28 build/obj/crt0.o
 .debug_ranges  0x00000028       0x10 build/obj/vectors.o
 .debug_ranges  0x00000038       0x10 build/obj/chcore.o
 .debug_ranges  0x00000048       0x40 build/obj/chcore_v7m.o
 .debug_ranges  0x00000088       0x20 build/obj/nvic.o
 .debug_ranges  0x000000a8       0x20 build/obj/chsys.o
 .debug_ranges  0x000000c8       0x10 build/obj/chdebug.o
 .debug_ranges  0x000000d8       0x28 build/obj/chvt.o
 .debug_ranges  0x00000100      0x140 build/obj/chschd.o
 .debug_ranges  0x00000240       0x98 build/obj/chthreads.o
 .debug_ranges  0x000002d8       0x38 build/obj/chdynamic.o
 .debug_ranges  0x00000310       0x18 build/obj/chregistry.o
 .debug_ranges  0x00000328       0xb8 build/obj/chsem.o
 .debug_ranges  0x000003e0       0xe0 build/obj/chmtx.o
 .debug_ranges  0x000004c0       0x88 build/obj/chcond.o
 .debug_ranges  0x00000548       0x80 build/obj/chevents.o
 .debug_ranges  0x000005c8       0x28 build/obj/chmemcore.o
 .debug_ranges  0x000005f0       0x30 build/obj/chheap.o
 .debug_ranges  0x00000620       0x20 build/obj/hal.o
 .debug_ranges  0x00000640       0x20 build/obj/pal.o
 .debug_ranges  0x00000660       0x58 build/obj/stm32_dma.o
 .debug_ranges  0x000006b8       0x18 build/obj/hal_lld.o
 .debug_ranges  0x000006d0       0x18 build/obj/pal_lld.o
 .debug_ranges  0x000006e8       0x18 build/obj/board-common.o
 .debug_ranges  0x00000700       0x10 build/obj/board.o
 .debug_ranges  0x00000710       0x20 build/obj/evtimer.o
 .debug_ranges  0x00000730       0x40 build/obj/syscalls.o
 .debug_ranges  0x00000770      0x140 build/obj/bignum.o
 .debug_ranges  0x000008b0       0x50 build/obj/rsa.o
 .debug_ranges  0x00000900       0x28 build/obj/aes.o
 .debug_ranges  0x00000928       0x38 build/obj/sha256.o
 .debug_ranges  0x00000960       0x38 build/obj/call-rsa.o
 .debug_ranges  0x00000998       0xf8 build/obj/main.o
 .debug_ranges  0x00000a90      0x478 build/obj/usb_stm32f103.o
 .debug_ranges  0x00000f08       0x70 build/obj/adc_stm32f103.o
 .debug_ranges  0x00000f78       0x90 build/obj/usb_ctrl.o